Archive member included to satisfy reference by file (symbol)

C:/msys64/msys64/mingw64/bin/../lib/gcc/x86_64-w64-mingw32/11.2.0/libstdc++.dll.a(d006693.o)
                              C:\Users\yomna\AppData\Local\Temp\cclhkeKv.o (__gxx_personality_seh0)
C:/msys64/msys64/mingw64/bin/../lib/gcc/x86_64-w64-mingw32/11.2.0/libstdc++.dll.a(d006677.o)
                              C:\Users\yomna\AppData\Local\Temp\cclhkeKv.o (__cxa_throw_bad_array_new_length)
C:/msys64/msys64/mingw64/bin/../lib/gcc/x86_64-w64-mingw32/11.2.0/libstdc++.dll.a(d006674.o)
                              C:\Users\yomna\AppData\Local\Temp\cclhkeKv.o (__cxa_rethrow)
C:/msys64/msys64/mingw64/bin/../lib/gcc/x86_64-w64-mingw32/11.2.0/libstdc++.dll.a(d006663.o)
                              C:\Users\yomna\AppData\Local\Temp\cclhkeKv.o (__cxa_end_catch)
C:/msys64/msys64/mingw64/bin/../lib/gcc/x86_64-w64-mingw32/11.2.0/libstdc++.dll.a(d006657.o)
                              C:\Users\yomna\AppData\Local\Temp\cclhkeKv.o (__cxa_begin_catch)
C:/msys64/msys64/mingw64/bin/../lib/gcc/x86_64-w64-mingw32/11.2.0/libstdc++.dll.a(d006647.o)
                              C:\Users\yomna\AppData\Local\Temp\cclhkeKv.o (operator new(unsigned long long))
C:/msys64/msys64/mingw64/bin/../lib/gcc/x86_64-w64-mingw32/11.2.0/libstdc++.dll.a(d006643.o)
                              C:\Users\yomna\AppData\Local\Temp\cclhkeKv.o (operator new[](unsigned long long))
C:/msys64/msys64/mingw64/bin/../lib/gcc/x86_64-w64-mingw32/11.2.0/libstdc++.dll.a(d006641.o)
                              C:\Users\yomna\AppData\Local\Temp\cclhkeKv.o (operator delete(void*, unsigned long long))
C:/msys64/msys64/mingw64/bin/../lib/gcc/x86_64-w64-mingw32/11.2.0/libstdc++.dll.a(d005637.o)
                              C:\Users\yomna\AppData\Local\Temp\cclhkeKv.o (std::basic_istream<char, std::char_traits<char> >& std::operator>><char, std::char_traits<char>, std::allocator<char> >(std::basic_istream<char, std::char_traits<char> >&, std::__cxx11::basic_string<char, std::char_traits<char>, std::allocator<char> >&))
C:/msys64/msys64/mingw64/bin/../lib/gcc/x86_64-w64-mingw32/11.2.0/libstdc++.dll.a(d005582.o)
                              C:\Users\yomna\AppData\Local\Temp\cclhkeKv.o (std::basic_ostream<char, std::char_traits<char> >& std::operator<< <std::char_traits<char> >(std::basic_ostream<char, std::char_traits<char> >&, char const*))
C:/msys64/msys64/mingw64/bin/../lib/gcc/x86_64-w64-mingw32/11.2.0/libstdc++.dll.a(d005474.o)
                              C:\Users\yomna\AppData\Local\Temp\cclhkeKv.o (std::basic_istream<char, std::char_traits<char> >& std::getline<char, std::char_traits<char>, std::allocator<char> >(std::basic_istream<char, std::char_traits<char> >&, std::__cxx11::basic_string<char, std::char_traits<char>, std::allocator<char> >&))
C:/msys64/msys64/mingw64/bin/../lib/gcc/x86_64-w64-mingw32/11.2.0/libstdc++.dll.a(d005463.o)
                              C:\Users\yomna\AppData\Local\Temp\cclhkeKv.o (std::basic_ostream<char, std::char_traits<char> >& std::endl<char, std::char_traits<char> >(std::basic_ostream<char, std::char_traits<char> >&))
C:/msys64/msys64/mingw64/bin/../lib/gcc/x86_64-w64-mingw32/11.2.0/libstdc++.dll.a(d005462.o)
                              C:\Users\yomna\AppData\Local\Temp\cclhkeKv.o (std::cout)
C:/msys64/msys64/mingw64/bin/../lib/gcc/x86_64-w64-mingw32/11.2.0/libstdc++.dll.a(d005459.o)
                              C:\Users\yomna\AppData\Local\Temp\cclhkeKv.o (std::cin)
C:/msys64/msys64/mingw64/bin/../lib/gcc/x86_64-w64-mingw32/11.2.0/libstdc++.dll.a(d005455.o)
                              C:\Users\yomna\AppData\Local\Temp\cclhkeKv.o (std::__throw_bad_array_new_length())
C:/msys64/msys64/mingw64/bin/../lib/gcc/x86_64-w64-mingw32/11.2.0/libstdc++.dll.a(d005450.o)
                              C:\Users\yomna\AppData\Local\Temp\cclhkeKv.o (std::__throw_invalid_argument(char const*))
C:/msys64/msys64/mingw64/bin/../lib/gcc/x86_64-w64-mingw32/11.2.0/libstdc++.dll.a(d005436.o)
                              C:\Users\yomna\AppData\Local\Temp\cclhkeKv.o (std::__throw_out_of_range(char const*))
C:/msys64/msys64/mingw64/bin/../lib/gcc/x86_64-w64-mingw32/11.2.0/libstdc++.dll.a(d005435.o)
                              C:\Users\yomna\AppData\Local\Temp\cclhkeKv.o (std::__throw_length_error(char const*))
C:/msys64/msys64/mingw64/bin/../lib/gcc/x86_64-w64-mingw32/11.2.0/libstdc++.dll.a(d005425.o)
                              C:\Users\yomna\AppData\Local\Temp\cclhkeKv.o (std::__throw_logic_error(char const*))
C:/msys64/msys64/mingw64/bin/../lib/gcc/x86_64-w64-mingw32/11.2.0/libstdc++.dll.a(d005411.o)
                              C:\Users\yomna\AppData\Local\Temp\cclhkeKv.o (std::__throw_bad_alloc())
C:/msys64/msys64/mingw64/bin/../lib/gcc/x86_64-w64-mingw32/11.2.0/libstdc++.dll.a(d005301.o)
                              C:\Users\yomna\AppData\Local\Temp\cclhkeKv.o (std::basic_ios<char, std::char_traits<char> >::clear(std::_Ios_Iostate))
[...]
Memory Configuration

Name             Origin             Length             Attributes
*default*        0x0000000000000000 0xffffffffffffffff

Linker script and memory map

                0x0000000140000000                __image_base__ = 0x140000000
                0x0000000000000000                __dll__ = 0x0
                0x0000000140000000                __ImageBase = 0x140000000
                0x0000000000001000                __section_alignment__ = 0x1000
                0x0000000000000200                __file_alignment__ = 0x200
                0x0000000000000004                __major_os_version__ = 0x4
                0x0000000000000000                __minor_os_version__ = 0x0
                0x0000000000000000                __major_image_version__ = 0x0
                0x0000000000000000                __minor_image_version__ = 0x0
                0x0000000000000005                __major_subsystem_version__ = 0x5
                0x0000000000000002                __minor_subsystem_version__ = 0x2
                0x0000000000000003                __subsystem__ = 0x3
                0x0000000000200000                __size_of_stack_reserve__ = 0x200000
                0x0000000000001000                __size_of_stack_commit__ = 0x1000
                0x0000000000100000                __size_of_heap_reserve__ = 0x100000
                0x0000000000001000                __size_of_heap_commit__ = 0x1000
                0x0000000000000000                __loader_flags__ = 0x0
                0x0000000000000160                __dll_characteristics__ = 0x160
LOAD C:/msys64/msys64/mingw64/bin/../lib/gcc/x86_64-w64-mingw32/11.2.0/../../../../x86_64-w64-mingw32/lib/../lib/crt2.o
LOAD C:/msys64/msys64/mingw64/bin/../lib/gcc/x86_64-w64-mingw32/11.2.0/crtbegin.o
LOAD C:\Users\yomna\AppData\Local\Temp\cclhkeKv.o
LOAD C:/msys64/msys64/mingw64/bin/../lib/gcc/x86_64-w64-mingw32/11.2.0/libstdc++.dll.a
LOAD C:/msys64/msys64/mingw64/bin/../lib/gcc/x86_64-w64-mingw32/11.2.0/../../../../x86_64-w64-mingw32/lib/../lib/libmingw32.a
LOAD C:/msys64/msys64/mingw64/bin/../lib/gcc/x86_64-w64-mingw32/11.2.0/libgcc_s.a
LOAD C:/msys64/msys64/mingw64/bin/../lib/gcc/x86_64-w64-mingw32/11.2.0/libgcc.a
LOAD C:/msys64/msys64/mingw64/bin/../lib/gcc/x86_64-w64-mingw32/11.2.0/../../../../x86_64-w64-mingw32/lib/../lib/libmoldname.a
LOAD C:/msys64/msys64/mingw64/bin/../lib/gcc/x86_64-w64-mingw32/11.2.0/../../../../x86_64-w64-mingw32/lib/../lib/libmingwex.a
LOAD C:/msys64/msys64/mingw64/bin/../lib/gcc/x86_64-w64-mingw32/11.2.0/../../../../x86_64-w64-mingw32/lib/../lib/libmsvcrt.a
LOAD C:/msys64/msys64/mingw64/bin/../lib/gcc/x86_64-w64-mingw32/11.2.0/../../../../x86_64-w64-mingw32/lib/../lib/libkernel32.a
LOAD C:/msys64/msys64/mingw64/bin/../lib/gcc/x86_64-w64-mingw32/11.2.0/../../../../x86_64-w64-mingw32/lib/../lib/libpthread.dll.a
LOAD C:/msys64/msys64/mingw64/bin/../lib/gcc/x86_64-w64-mingw32/11.2.0/../../../../x86_64-w64-mingw32/lib/../lib/libadvapi32.a
LOAD C:/msys64/msys64/mingw64/bin/../lib/gcc/x86_64-w64-mingw32/11.2.0/../../../../x86_64-w64-mingw32/lib/../lib/libshell32.a
LOAD C:/msys64/msys64/mingw64/bin/../lib/gcc/x86_64-w64-mingw32/11.2.0/../../../../x86_64-w64-mingw32/lib/../lib/libuser32.a
LOAD C:/msys64/msys64/mingw64/bin/../lib/gcc/x86_64-w64-mingw32/11.2.0/../../../../x86_64-w64-mingw32/lib/../lib/libkernel32.a
LOAD C:/msys64/msys64/mingw64/bin/../lib/gcc/x86_64-w64-mingw32/11.2.0/../../../../x86_64-w64-mingw32/lib/../lib/libmingw32.a
LOAD C:/msys64/msys64/mingw64/bin/../lib/gcc/x86_64-w64-mingw32/11.2.0/libgcc_s.a
LOAD C:/msys64/msys64/mingw64/bin/../lib/gcc/x86_64-w64-mingw32/11.2.0/libgcc.a
LOAD C:/msys64/msys64/mingw64/bin/../lib/gcc/x86_64-w64-mingw32/11.2.0/../../../../x86_64-w64-mingw32/lib/../lib/libmoldname.a
LOAD C:/msys64/msys64/mingw64/bin/../lib/gcc/x86_64-w64-mingw32/11.2.0/../../../../x86_64-w64-mingw32/lib/../lib/libmingwex.a
LOAD C:/msys64/msys64/mingw64/bin/../lib/gcc/x86_64-w64-mingw32/11.2.0/../../../../x86_64-w64-mingw32/lib/../lib/libmsvcrt.a
LOAD C:/msys64/msys64/mingw64/bin/../lib/gcc/x86_64-w64-mingw32/11.2.0/../../../../x86_64-w64-mingw32/lib/../lib/libkernel32.a
LOAD C:/msys64/msys64/mingw64/bin/../lib/gcc/x86_64-w64-mingw32/11.2.0/../../../../x86_64-w64-mingw32/lib/../lib/default-manifest.o
LOAD C:/msys64/msys64/mingw64/bin/../lib/gcc/x86_64-w64-mingw32/11.2.0/crtend.o
                0x00000000000004a8                . = SIZEOF_HEADERS
                0x0000000000001000                . = ALIGN (__section_alignment__)

.text           0x0000000140001000     0x3a00
 *(SORT_NONE(.init))
 *(.text)
 .text          0x0000000140001000      0x510 C:/msys64/msys64/mingw64/bin/../lib/gcc/x86_64-w64-mingw32/11.2.0/../../../../x86_64-w64-mingw32/lib/../lib/crt2.o
                0x00000001400014b0                WinMainCRTStartup
                0x00000001400014d0                mainCRTStartup
                0x00000001400014f0                atexit
 .text          0x0000000140001510       0x20 C:/msys64/msys64/mingw64/bin/../lib/gcc/x86_64-w64-mingw32/11.2.0/crtbegin.o
                0x0000000140001510                __gcc_register_frame
                0x0000000140001520                __gcc_deregister_frame
 .text          0x0000000140001530      0xc30 C:\Users\yomna\AppData\Local\Temp\cclhkeKv.o
                0x0000000140001530                main
 .text          0x0000000140002160        0x8 C:/msys64/msys64/mingw64/bin/../lib/gcc/x86_64-w64-mingw32/11.2.0/libstdc++.dll.a(d006693.o)
                0x0000000140002160                __gxx_personality_seh0
 .text          0x0000000140002168        0x8 C:/msys64/msys64/mingw64/bin/../lib/gcc/x86_64-w64-mingw32/11.2.0/libstdc++.dll.a(d006677.o)
                0x0000000140002168                __cxa_throw_bad_array_new_length
 .text          0x0000000140002170        0x8 C:/msys64/msys64/mingw64/bin/../lib/gcc/x86_64-w64-mingw32/11.2.0/libstdc++.dll.a(d006674.o)
                0x0000000140002170                __cxa_rethrow
 .text          0x0000000140002178        0x8 C:/msys64/msys64/mingw64/bin/../lib/gcc/x86_64-w64-mingw32/11.2.0/libstdc++.dll.a(d006663.o)
                0x0000000140002178                __cxa_end_catch
 .text          0x0000000140002180        0x8 C:/msys64/msys64/mingw64/bin/../lib/gcc/x86_64-w64-mingw32/11.2.0/libstdc++.dll.a(d006657.o)
                0x0000000140002180                __cxa_begin_catch
 .text          0x0000000140002188        0x8 C:/msys64/msys64/mingw64/bin/../lib/gcc/x86_64-w64-mingw32/11.2.0/libstdc++.dll.a(d006647.o)
                0x0000000140002188                operator new(unsigned long long)
 .text          0x0000000140002190        0x8 C:/msys64/msys64/mingw64/bin/../lib/gcc/x86_64-w64-mingw32/11.2.0/libstdc++.dll.a(d006643.o)
                0x0000000140002190                operator new[](unsigned long long)
 .text          0x0000000140002198        0x8 C:/msys64/msys64/mingw64/bin/../lib/gcc/x86_64-w64-mingw32/11.2.0/libstdc++.dll.a(d006641.o)
                0x0000000140002198                operator delete(void*, unsigned long long)
 .text          0x00000001400021a0        0x8 C:/msys64/msys64/mingw64/bin/../lib/gcc/x86_64-w64-mingw32/11.2.0/libstdc++.dll.a(d005637.o)
                0x00000001400021a0                std::basic_istream<char, std::char_traits<char> >& std::operator>><char, std::char_traits<char>, std::allocator<char> >(std::basic_istream<char, std::char_traits<char> >&, std::__cxx11::basic_string<char, std::char_traits<char>, std::allocator<char> >&)
 .text          0x00000001400021a8        0x8 C:/msys64/msys64/mingw64/bin/../lib/gcc/x86_64-w64-mingw32/11.2.0/libstdc++.dll.a(d005582.o)
                0x00000001400021a8                std::basic_ostream<char, std::char_traits<char> >& std::operator<< <std::char_traits<char> >(std::basic_ostream<char, std::char_traits<char> >&, char const*)
 .text          0x00000001400021b0        0x8 C:/msys64/msys64/mingw64/bin/../lib/gcc/x86_64-w64-mingw32/11.2.0/libstdc++.dll.a(d005474.o)
                0x00000001400021b0                std::basic_istream<char, std::char_traits<char> >& std::getline<char, std::char_traits<char>, std::allocator<char> >(std::basic_istream<char, std::char_traits<char> >&, std::__cxx11::basic_string<char, std::char_traits<char>, std::allocator<char> >&)
 .text          0x00000001400021b8        0x8 C:/msys64/msys64/mingw64/bin/../lib/gcc/x86_64-w64-mingw32/11.2.0/libstdc++.dll.a(d005463.o)
                0x00000001400021b8                std::basic_ostream<char, std::char_traits<char> >& std::endl<char, std::char_traits<char> >(std::basic_ostream<char, std::char_traits<char> >&)
 .text          0x00000001400021c0        0x0 C:/msys64/msys64/mingw64/bin/../lib/gcc/x86_64-w64-mingw32/11.2.0/libstdc++.dll.a(d005462.o)
 .text          0x00000001400021c0        0x0 C:/msys64/msys64/mingw64/bin/../lib/gcc/x86_64-w64-mingw32/11.2.0/libstdc++.dll.a(d005459.o)
 .text          0x00000001400021c0        0x8 C:/msys64/msys64/mingw64/bin/../lib/gcc/x86_64-w64-mingw32/11.2.0/libstdc++.dll.a(d005455.o)
                0x00000001400021c0                std::__throw_bad_array_new_length()
 .text          0x00000001400021c8        0x8 C:/msys64/msys64/mingw64/bin/../lib/gcc/x86_64-w64-mingw32/11.2.0/libstdc++.dll.a(d005450.o)
                0x00000001400021c8                std::__throw_invalid_argument(char const*)
 .text          0x00000001400021d0        0x8 C:/msys64/msys64/mingw64/bin/../lib/gcc/x86_64-w64-mingw32/11.2.0/libstdc++.dll.a(d005436.o)
                0x00000001400021d0                std::__throw_out_of_range(char const*)
 .text          0x00000001400021d8        0x8 C:/msys64/msys64/mingw64/bin/../lib/gcc/x86_64-w64-mingw32/11.2.0/libstdc++.dll.a(d005435.o)
                0x00000001400021d8                std::__throw_length_error(char const*)
 .text          0x00000001400021e0        0x8 C:/msys64/msys64/mingw64/bin/../lib/gcc/x86_64-w64-mingw32/11.2.0/libstdc++.dll.a(d005425.o)
                0x00000001400021e0                std::__throw_logic_error(char const*)
 .text          0x00000001400021e8        0x8 C:/msys64/msys64/mingw64/bin/../lib/gcc/x86_64-w64-mingw32/11.2.0/libstdc++.dll.a(d005411.o)
                0x00000001400021e8                std::__throw_bad_alloc()
 .text          0x00000001400021f0        0x8 C:/msys64/msys64/mingw64/bin/../lib/gcc/x86_64-w64-mingw32/11.2.0/libstdc++.dll.a(d005301.o)
                0x00000001400021f0                std::basic_ios<char, std::char_traits<char> >::clear(std::_Ios_Iostate)
 .text          0x00000001400021f8        0x8 C:/msys64/msys64/mingw64/bin/../lib/gcc/x86_64-w64-mingw32/11.2.0/libstdc++.dll.a(d005165.o)
                0x00000001400021f8                std::ios_base::Init::~Init()
 .text          0x0000000140002200        0x8 C:/msys64/msys64/mingw64/bin/../lib/gcc/x86_64-w64-mingw32/11.2.0/libstdc++.dll.a(d005163.o)
                0x0000000140002200                std::ios_base::Init::Init()
 .text          0x0000000140002208        0x8 C:/msys64/msys64/mingw64/bin/../lib/gcc/x86_64-w64-mingw32/11.2.0/libstdc++.dll.a(d004874.o)
                0x0000000140002208                std::__cxx11::basic_stringstream<char, std::char_traits<char>, std::allocator<char> >::~basic_stringstream()
 .text          0x0000000140002210        0x8 C:/msys64/msys64/mingw64/bin/../lib/gcc/x86_64-w64-mingw32/11.2.0/libstdc++.dll.a(d004866.o)
                0x0000000140002210                std::__cxx11::basic_stringstream<char, std::char_traits<char>, std::allocator<char> >::basic_stringstream()
 .text          0x0000000140002218        0x8 C:/msys64/msys64/mingw64/bin/../lib/gcc/x86_64-w64-mingw32/11.2.0/libstdc++.dll.a(d004859.o)
                0x0000000140002218                std::__cxx11::basic_stringstream<char, std::char_traits<char>, std::allocator<char> >::str(std::__cxx11::basic_string<char, std::char_traits<char>, std::allocator<char> > const&)
 .text          0x0000000140002220        0x8 C:/msys64/msys64/mingw64/bin/../lib/gcc/x86_64-w64-mingw32/11.2.0/libstdc++.dll.a(d004526.o)
                0x0000000140002220                std::__cxx11::basic_string<char, std::char_traits<char>, std::allocator<char> >::operator=(std::__cxx11::basic_string<char, std::char_traits<char>, std::allocator<char> >&&)
 .text          0x0000000140002228        0x8 C:/msys64/msys64/mingw64/bin/../lib/gcc/x86_64-w64-mingw32/11.2.0/libstdc++.dll.a(d004524.o)
                0x0000000140002228                std::__cxx11::basic_string<char, std::char_traits<char>, std::allocator<char> >::~basic_string()
 .text          0x0000000140002230        0x8 C:/msys64/msys64/mingw64/bin/../lib/gcc/x86_64-w64-mingw32/11.2.0/libstdc++.dll.a(d004496.o)
                0x0000000140002230                std::__cxx11::basic_string<char, std::char_traits<char>, std::allocator<char> >::basic_string(std::__cxx11::basic_string<char, std::char_traits<char>, std::allocator<char> > const&)
 .text          0x0000000140002238        0x8 C:/msys64/msys64/mingw64/bin/../lib/gcc/x86_64-w64-mingw32/11.2.0/libstdc++.dll.a(d004491.o)
                0x0000000140002238                std::__cxx11::basic_string<char, std::char_traits<char>, std::allocator<char> >::basic_string(std::__cxx11::basic_string<char, std::char_traits<char>, std::allocator<char> >&&)
 .text          0x0000000140002240        0x8 C:/msys64/msys64/mingw64/bin/../lib/gcc/x86_64-w64-mingw32/11.2.0/libstdc++.dll.a(d004485.o)
                0x0000000140002240                std::__cxx11::basic_string<char, std::char_traits<char>, std::allocator<char> >::_M_create(unsigned long long&, unsigned long long)
 .text          0x0000000140002248        0x8 C:/msys64/msys64/mingw64/bin/../lib/gcc/x86_64-w64-mingw32/11.2.0/libstdc++.dll.a(d004454.o)
                0x0000000140002248                std::__cxx11::basic_string<char, std::char_traits<char>, std::allocator<char> >::_M_data(char*)
 .text          0x0000000140002250        0x8 C:/msys64/msys64/mingw64/bin/../lib/gcc/x86_64-w64-mingw32/11.2.0/libstdc++.dll.a(d004418.o)
                0x0000000140002250                std::__cxx11::basic_string<char, std::char_traits<char>, std::allocator<char> >::begin()
 .text          0x0000000140002258        0x8 C:/msys64/msys64/mingw64/bin/../lib/gcc/x86_64-w64-mingw32/11.2.0/libstdc++.dll.a(d004412.o)
                0x0000000140002258                std::__cxx11::basic_string<char, std::char_traits<char>, std::allocator<char> >::end()
 .text          0x0000000140002260        0x8 C:/msys64/msys64/mingw64/bin/../lib/gcc/x86_64-w64-mingw32/11.2.0/libstdc++.dll.a(d004404.o)
                0x0000000140002260                std::__cxx11::basic_string<char, std::char_traits<char>, std::allocator<char> >::_S_copy_chars(char*, char const*, char const*)
 .text          0x0000000140002268        0x8 C:/msys64/msys64/mingw64/bin/../lib/gcc/x86_64-w64-mingw32/11.2.0/libstdc++.dll.a(d004401.o)
                0x0000000140002268                std::__cxx11::basic_string<char, std::char_traits<char>, std::allocator<char> >::_M_set_length(unsigned long long)
 .text          0x0000000140002270        0x8 C:/msys64/msys64/mingw64/bin/../lib/gcc/x86_64-w64-mingw32/11.2.0/libstdc++.dll.a(d004400.o)
                0x0000000140002270                std::__cxx11::basic_string<char, std::char_traits<char>, std::allocator<char> >::_M_local_data()
 .text          0x0000000140002278        0x8 C:/msys64/msys64/mingw64/bin/../lib/gcc/x86_64-w64-mingw32/11.2.0/libstdc++.dll.a(d004390.o)
                0x0000000140002278                std::__cxx11::basic_string<char, std::char_traits<char>, std::allocator<char> >::_Alloc_hider::_Alloc_hider(char*, std::allocator<char> const&)
 .text          0x0000000140002280        0x8 C:/msys64/msys64/mingw64/bin/../lib/gcc/x86_64-w64-mingw32/11.2.0/libstdc++.dll.a(d004388.o)
                0x0000000140002280                std::__cxx11::basic_string<char, std::char_traits<char>, std::allocator<char> >::_M_capacity(unsigned long long)
 .text          0x0000000140002288        0x8 C:/msys64/msys64/mingw64/bin/../lib/gcc/x86_64-w64-mingw32/11.2.0/libstdc++.dll.a(d004385.o)
                0x0000000140002288                std::__cxx11::basic_string<char, std::char_traits<char>, std::allocator<char> >::_M_dispose()
 .text          0x0000000140002290        0x8 C:/msys64/msys64/mingw64/bin/../lib/gcc/x86_64-w64-mingw32/11.2.0/libstdc++.dll.a(d001905.o)
                0x0000000140002290                std::ostream::operator<<(int)
 .text          0x0000000140002298        0x8 C:/msys64/msys64/mingw64/bin/../lib/gcc/x86_64-w64-mingw32/11.2.0/libstdc++.dll.a(d001896.o)
                0x0000000140002298                std::ostream::operator<<(std::ostream& (*)(std::ostream&))
 .text          0x00000001400022a0        0x8 C:/msys64/msys64/mingw64/bin/../lib/gcc/x86_64-w64-mingw32/11.2.0/libstdc++.dll.a(d001855.o)
                0x00000001400022a0                std::istream::operator>>(int&)
 .text          0x00000001400022a8        0x8 C:/msys64/msys64/mingw64/bin/../lib/gcc/x86_64-w64-mingw32/11.2.0/libstdc++.dll.a(d001643.o)
                0x00000001400022a8                std::allocator<char>::~allocator()
 .text          0x00000001400022b0        0x8 C:/msys64/msys64/mingw64/bin/../lib/gcc/x86_64-w64-mingw32/11.2.0/libstdc++.dll.a(d001642.o)
                0x00000001400022b0                std::allocator<char>::~allocator()
 .text          0x00000001400022b8        0x8 C:/msys64/msys64/mingw64/bin/../lib/gcc/x86_64-w64-mingw32/11.2.0/libstdc++.dll.a(d001639.o)
                0x00000001400022b8                std::allocator<char>::allocator()
 .text          0x00000001400022c0        0x8 C:/msys64/msys64/mingw64/bin/../lib/gcc/x86_64-w64-mingw32/11.2.0/libstdc++.dll.a(d001581.o)
                0x00000001400022c0                std::basic_ios<char, std::char_traits<char> >::operator bool() const
 .text          0x00000001400022c8        0x8 C:/msys64/msys64/mingw64/bin/../lib/gcc/x86_64-w64-mingw32/11.2.0/libstdc++.dll.a(d001085.o)
                0x00000001400022c8                std::__cxx11::basic_string<char, std::char_traits<char>, std::allocator<char> >::_M_data() const
 .text          0x00000001400022d0        0x8 C:/msys64/msys64/mingw64/bin/../lib/gcc/x86_64-w64-mingw32/11.2.0/libstdc++.dll.a(d001084.o)
                0x00000001400022d0                std::__cxx11::basic_string<char, std::char_traits<char>, std::allocator<char> >::substr(unsigned long long, unsigned long long) const
 .text          0x00000001400022d8        0x8 C:/msys64/msys64/mingw64/bin/../lib/gcc/x86_64-w64-mingw32/11.2.0/libstdc++.dll.a(d001082.o)
                0x00000001400022d8                std::__cxx11::basic_string<char, std::char_traits<char>, std::allocator<char> >::length() const
 .text          0x00000001400022e0        0x8 C:/msys64/msys64/mingw64/bin/../lib/gcc/x86_64-w64-mingw32/11.2.0/libstdc++.dll.a(d001077.o)
                0x00000001400022e0                std::__cxx11::basic_string<char, std::char_traits<char>, std::allocator<char> >::rfind(char const*, unsigned long long) const
 .text          0x00000001400022e8        0x8 C:/msys64/msys64/mingw64/bin/../lib/gcc/x86_64-w64-mingw32/11.2.0/libstdc++.dll.a(d001073.o)
                0x00000001400022e8                std::__cxx11::basic_string<char, std::char_traits<char>, std::allocator<char> >::c_str() const
 .text          0x00000001400022f0       0xd0 C:/msys64/msys64/mingw64/bin/../lib/gcc/x86_64-w64-mingw32/11.2.0/../../../../x86_64-w64-mingw32/lib/../lib/libmingw32.a(lib64_libmingw32_a-gccmain.o)
                0x00000001400022f0                __do_global_dtors
                0x0000000140002330                __do_global_ctors
                0x00000001400023a0                __main
 .text          0x00000001400023c0        0x0 C:/msys64/msys64/mingw64/bin/../lib/gcc/x86_64-w64-mingw32/11.2.0/../../../../x86_64-w64-mingw32/lib/../lib/libmingw32.a(lib64_libmingw32_a-natstart.o)
 .text          0x00000001400023c0        0x0 C:/msys64/msys64/mingw64/bin/../lib/gcc/x86_64-w64-mingw32/11.2.0/../../../../x86_64-w64-mingw32/lib/../lib/libmingw32.a(lib64_libmingw32_a-wildcard.o)
 .text          0x00000001400023c0       0x10 C:/msys64/msys64/mingw64/bin/../lib/gcc/x86_64-w64-mingw32/11.2.0/../../../../x86_64-w64-mingw32/lib/../lib/libmingw32.a(lib64_libmingw32_a-dllargv.o)
                0x00000001400023c0                _setargv
 .text          0x00000001400023d0        0x0 C:/msys64/msys64/mingw64/bin/../lib/gcc/x86_64-w64-mingw32/11.2.0/../../../../x86_64-w64-mingw32/lib/../lib/libmingw32.a(lib64_libmingw32_a-_newmode.o)
 .text          0x00000001400023d0       0xd0 C:/msys64/msys64/mingw64/bin/../lib/gcc/x86_64-w64-mingw32/11.2.0/../../../../x86_64-w64-mingw32/lib/../lib/libmingw32.a(lib64_libmingw32_a-tlssup.o)
                0x0000000140002400                __dyn_tls_init
                0x0000000140002490                __tlregdtor
 .text          0x00000001400024a0        0x0 C:/msys64/msys64/mingw64/bin/../lib/gcc/x86_64-w64-mingw32/11.2.0/../../../../x86_64-w64-mingw32/lib/../lib/libmingw32.a(lib64_libmingw32_a-xncommod.o)
 .text          0x00000001400024a0        0x0 C:/msys64/msys64/mingw64/bin/../lib/gcc/x86_64-w64-mingw32/11.2.0/../../../../x86_64-w64-mingw32/lib/../lib/libmingw32.a(lib64_libmingw32_a-cinitexe.o)
 .text          0x00000001400024a0      0x100 C:/msys64/msys64/mingw64/bin/../lib/gcc/x86_64-w64-mingw32/11.2.0/../../../../x86_64-w64-mingw32/lib/../lib/libmingw32.a(lib64_libmingw32_a-merr.o)
                0x00000001400024a0                _matherr
 .text          0x00000001400025a0       0x10 C:/msys64/msys64/mingw64/bin/../lib/gcc/x86_64-w64-mingw32/11.2.0/../../../../x86_64-w64-mingw32/lib/../lib/libmingw32.a(lib64_libmingw32_a-CRT_fp10.o)
                0x00000001400025a0                fpreset
                0x00000001400025a0                _fpreset
 .text          0x00000001400025b0        0x0 C:/msys64/msys64/mingw64/bin/../lib/gcc/x86_64-w64-mingw32/11.2.0/../../../../x86_64-w64-mingw32/lib/../lib/libmingw32.a(lib64_libmingw32_a-mingw_helpers.o)
 .text          0x00000001400025b0      0x520 C:/msys64/msys64/mingw64/bin/../lib/gcc/x86_64-w64-mingw32/11.2.0/../../../../x86_64-w64-mingw32/lib/../lib/libmingw32.a(lib64_libmingw32_a-pseudo-reloc.o)
                0x0000000140002790                _pei386_runtime_relocator
 .text          0x0000000140002ad0       0x60 C:/msys64/msys64/mingw64/bin/../lib/gcc/x86_64-w64-mingw32/11.2.0/../../../../x86_64-w64-mingw32/lib/../lib/libmingw32.a(lib64_libmingw32_a-usermatherr.o)
                0x0000000140002ad0                __mingw_raise_matherr
                0x0000000140002b20                __mingw_setusermatherr
 .text          0x0000000140002b30        0x0 C:/msys64/msys64/mingw64/bin/../lib/gcc/x86_64-w64-mingw32/11.2.0/../../../../x86_64-w64-mingw32/lib/../lib/libmingw32.a(lib64_libmingw32_a-xtxtmode.o)
 .text          0x0000000140002b30      0x1c0 C:/msys64/msys64/mingw64/bin/../lib/gcc/x86_64-w64-mingw32/11.2.0/../../../../x86_64-w64-mingw32/lib/../lib/libmingw32.a(lib64_libmingw32_a-crt_handler.o)
                0x0000000140002b30                _gnu_exception_handler
 .text          0x0000000140002cf0      0x290 C:/msys64/msys64/mingw64/bin/../lib/gcc/x86_64-w64-mingw32/11.2.0/../../../../x86_64-w64-mingw32/lib/../lib/libmingw32.a(lib64_libmingw32_a-tlsthrd.o)
                0x0000000140002d70                ___w64_mingwthr_add_key_dtor
                0x0000000140002e00                ___w64_mingwthr_remove_key_dtor
                0x0000000140002e90                __mingw_TLScallback
 .text          0x0000000140002f80        0x0 C:/msys64/msys64/mingw64/bin/../lib/gcc/x86_64-w64-mingw32/11.2.0/../../../../x86_64-w64-mingw32/lib/../lib/libmingw32.a(lib64_libmingw32_a-tlsmcrt.o)
 .text          0x0000000140002f80        0x0 C:/msys64/msys64/mingw64/bin/../lib/gcc/x86_64-w64-mingw32/11.2.0/../../../../x86_64-w64-mingw32/lib/../lib/libmingw32.a(lib64_libmingw32_a-pseudo-reloc-list.o)
 .text          0x0000000140002f80      0x3e0 C:/msys64/msys64/mingw64/bin/../lib/gcc/x86_64-w64-mingw32/11.2.0/../../../../x86_64-w64-mingw32/lib/../lib/libmingw32.a(lib64_libmingw32_a-pesect.o)
                0x0000000140002f80                _ValidateImageBase
                0x0000000140002fb0                _FindPESection
                0x0000000140003000                _FindPESectionByName
                0x00000001400030a0                __mingw_GetSectionForAddress
                0x0000000140003120                __mingw_GetSectionCount
                0x0000000140003160                _FindPESectionExec
                0x00000001400031d0                _GetPEImageBase
                0x0000000140003210                _IsNonwritableInCurrentImage
                0x00000001400032a0                __mingw_enum_import_library_names
 .text          0x0000000140003360        0x8 C:/msys64/msys64/mingw64/bin/../lib/gcc/x86_64-w64-mingw32/11.2.0/libgcc_s.a(d000015.o)
                0x0000000140003360                _Unwind_Resume
 *fill*         0x0000000140003368        0x8 
 .text          0x0000000140003370       0x40 C:/msys64/msys64/mingw64/bin/../lib/gcc/x86_64-w64-mingw32/11.2.0/libgcc.a(_chkstk_ms.o)
                0x0000000140003370                ___chkstk_ms
 .text          0x00000001400033b0        0x0 C:/msys64/msys64/mingw64/bin/../lib/gcc/x86_64-w64-mingw32/11.2.0/libgcc.a(_ctors.o)
 .text          0x00000001400033b0        0x0 C:/msys64/msys64/mingw64/bin/../lib/gcc/x86_64-w64-mingw32/11.2.0/../../../../x86_64-w64-mingw32/lib/../lib/libmingwex.a(lib64_libmingwex_a-mingw_matherr.o)
 .text          0x00000001400033b0       0x10 C:/msys64/msys64/mingw64/bin/../lib/gcc/x86_64-w64-mingw32/11.2.0/../../../../x86_64-w64-mingw32/lib/../lib/libmsvcrt.a(lib64_libmsvcrt_extra_a-__p__fmode.o)
                0x00000001400033b0                __p__fmode
 .text          0x00000001400033c0       0x10 C:/msys64/msys64/mingw64/bin/../lib/gcc/x86_64-w64-mingw32/11.2.0/../../../../x86_64-w64-mingw32/lib/../lib/libmsvcrt.a(lib64_libmsvcrt_extra_a-__p__commode.o)
                0x00000001400033c0                __p__commode
 .text          0x00000001400033d0       0x10 C:/msys64/msys64/mingw64/bin/../lib/gcc/x86_64-w64-mingw32/11.2.0/../../../../x86_64-w64-mingw32/lib/../lib/libmsvcrt.a(lib64_libmsvcrt_extra_a-__p__acmdln.o)
                0x00000001400033d0                __p__acmdln
 .text          0x00000001400033e0       0x20 C:/msys64/msys64/mingw64/bin/../lib/gcc/x86_64-w64-mingw32/11.2.0/../../../../x86_64-w64-mingw32/lib/../lib/libmsvcrt.a(lib64_libmsvcrt_extra_a-invalid_parameter_handler.o)
                0x00000001400033e0                _get_invalid_parameter_handler
                0x00000001400033f0                _set_invalid_parameter_handler
 .text          0x0000000140003400       0x20 C:/msys64/msys64/mingw64/bin/../lib/gcc/x86_64-w64-mingw32/11.2.0/../../../../x86_64-w64-mingw32/lib/../lib/libmsvcrt.a(lib64_libmsvcrt_common_a-acrt_iob_func.o)
                0x0000000140003400                __acrt_iob_func
 .text          0x0000000140003420        0x8 C:/msys64/msys64/mingw64/bin/../lib/gcc/x86_64-w64-mingw32/11.2.0/../../../../x86_64-w64-mingw32/lib/../lib/libmsvcrt.a(libmsvcrt_defs00055.o)
                0x0000000140003420                __C_specific_handler
 .text          0x0000000140003428        0x8 C:/msys64/msys64/mingw64/bin/../lib/gcc/x86_64-w64-mingw32/11.2.0/../../../../x86_64-w64-mingw32/lib/../lib/libmsvcrt.a(libmsvcrt_defs00081.o)
                0x0000000140003428                __getmainargs
 .text          0x0000000140003430        0x0 C:/msys64/msys64/mingw64/bin/../lib/gcc/x86_64-w64-mingw32/11.2.0/../../../../x86_64-w64-mingw32/lib/../lib/libmsvcrt.a(libmsvcrt_defs00082.o)
 .text          0x0000000140003430        0x8 C:/msys64/msys64/mingw64/bin/../lib/gcc/x86_64-w64-mingw32/11.2.0/../../../../x86_64-w64-mingw32/lib/../lib/libmsvcrt.a(libmsvcrt_defs00083.o)
                0x0000000140003430                __iob_func
 .text          0x0000000140003438        0x8 C:/msys64/msys64/mingw64/bin/../lib/gcc/x86_64-w64-mingw32/11.2.0/../../../../x86_64-w64-mingw32/lib/../lib/libmsvcrt.a(libmsvcrt_defs00097.o)
                0x0000000140003438                __set_app_type
 .text          0x0000000140003440        0x8 C:/msys64/msys64/mingw64/bin/../lib/gcc/x86_64-w64-mingw32/11.2.0/../../../../x86_64-w64-mingw32/lib/../lib/libmsvcrt.a(libmsvcrt_defs00099.o)
                0x0000000140003440                __setusermatherr
 .text          0x0000000140003448        0x0 C:/msys64/msys64/mingw64/bin/../lib/gcc/x86_64-w64-mingw32/11.2.0/../../../../x86_64-w64-mingw32/lib/../lib/libmsvcrt.a(libmsvcrt_defs00116.o)
 .text          0x0000000140003448        0x8 C:/msys64/msys64/mingw64/bin/../lib/gcc/x86_64-w64-mingw32/11.2.0/../../../../x86_64-w64-mingw32/lib/../lib/libmsvcrt.a(libmsvcrt_defs00123.o)
                0x0000000140003448                _amsg_exit
 .text          0x0000000140003450        0x8 C:/msys64/msys64/mingw64/bin/../lib/gcc/x86_64-w64-mingw32/11.2.0/../../../../x86_64-w64-mingw32/lib/../lib/libmsvcrt.a(libmsvcrt_defs00141.o)
                0x0000000140003450                _cexit
 .text          0x0000000140003458        0x0 C:/msys64/msys64/mingw64/bin/../lib/gcc/x86_64-w64-mingw32/11.2.0/../../../../x86_64-w64-mingw32/lib/../lib/libmsvcrt.a(libmsvcrt_defs00157.o)
 .text          0x0000000140003458        0x8 C:/msys64/msys64/mingw64/bin/../lib/gcc/x86_64-w64-mingw32/11.2.0/../../../../x86_64-w64-mingw32/lib/../lib/libmsvcrt.a(libmsvcrt_defs00204.o)
                0x0000000140003458                _errno
 .text          0x0000000140003460        0x0 C:/msys64/msys64/mingw64/bin/../lib/gcc/x86_64-w64-mingw32/11.2.0/../../../../x86_64-w64-mingw32/lib/../lib/libmsvcrt.a(libmsvcrt_defs00254.o)
 .text          0x0000000140003460        0x8 C:/msys64/msys64/mingw64/bin/../lib/gcc/x86_64-w64-mingw32/11.2.0/../../../../x86_64-w64-mingw32/lib/../lib/libmsvcrt.a(libmsvcrt_defs00332.o)
                0x0000000140003460                _initterm
 .text          0x0000000140003468        0x8 C:/msys64/msys64/mingw64/bin/../lib/gcc/x86_64-w64-mingw32/11.2.0/../../../../x86_64-w64-mingw32/lib/../lib/libmsvcrt.a(libmsvcrt_defs00614.o)
                0x0000000140003468                _onexit
 .text          0x0000000140003470        0x8 C:/msys64/msys64/mingw64/bin/../lib/gcc/x86_64-w64-mingw32/11.2.0/../../../../x86_64-w64-mingw32/lib/../lib/libmsvcrt.a(libmsvcrt_defs01038.o)
                0x0000000140003470                abort
 .text          0x0000000140003478        0x8 C:/msys64/msys64/mingw64/bin/../lib/gcc/x86_64-w64-mingw32/11.2.0/../../../../x86_64-w64-mingw32/lib/../lib/libmsvcrt.a(libmsvcrt_defs01056.o)
                0x0000000140003478                calloc
 .text          0x0000000140003480        0x8 C:/msys64/msys64/mingw64/bin/../lib/gcc/x86_64-w64-mingw32/11.2.0/../../../../x86_64-w64-mingw32/lib/../lib/libmsvcrt.a(libmsvcrt_defs01069.o)
                0x0000000140003480                exit
 .text          0x0000000140003488        0x8 C:/msys64/msys64/mingw64/bin/../lib/gcc/x86_64-w64-mingw32/11.2.0/../../../../x86_64-w64-mingw32/lib/../lib/libmsvcrt.a(libmsvcrt_defs01090.o)
                0x0000000140003488                fprintf
 .text          0x0000000140003490        0x8 C:/msys64/msys64/mingw64/bin/../lib/gcc/x86_64-w64-mingw32/11.2.0/../../../../x86_64-w64-mingw32/lib/../lib/libmsvcrt.a(libmsvcrt_defs01097.o)
                0x0000000140003490                free
 .text          0x0000000140003498        0x8 C:/msys64/msys64/mingw64/bin/../lib/gcc/x86_64-w64-mingw32/11.2.0/../../../../x86_64-w64-mingw32/lib/../lib/libmsvcrt.a(libmsvcrt_defs01110.o)
                0x0000000140003498                fwrite
 .text          0x00000001400034a0        0x8 C:/msys64/msys64/mingw64/bin/../lib/gcc/x86_64-w64-mingw32/11.2.0/../../../../x86_64-w64-mingw32/lib/../lib/libmsvcrt.a(libmsvcrt_defs01158.o)
                0x00000001400034a0                malloc
 .text          0x00000001400034a8        0x8 C:/msys64/msys64/mingw64/bin/../lib/gcc/x86_64-w64-mingw32/11.2.0/../../../../x86_64-w64-mingw32/lib/../lib/libmsvcrt.a(libmsvcrt_defs01166.o)
                0x00000001400034a8                memcpy
 .text          0x00000001400034b0        0x8 C:/msys64/msys64/mingw64/bin/../lib/gcc/x86_64-w64-mingw32/11.2.0/../../../../x86_64-w64-mingw32/lib/../lib/libmsvcrt.a(libmsvcrt_defs01198.o)
                0x00000001400034b0                signal
 .text          0x00000001400034b8        0x8 C:/msys64/msys64/mingw64/bin/../lib/gcc/x86_64-w64-mingw32/11.2.0/../../../../x86_64-w64-mingw32/lib/../lib/libmsvcrt.a(libmsvcrt_defs01221.o)
                0x00000001400034b8                strlen
 .text          0x00000001400034c0        0x8 C:/msys64/msys64/mingw64/bin/../lib/gcc/x86_64-w64-mingw32/11.2.0/../../../../x86_64-w64-mingw32/lib/../lib/libmsvcrt.a(libmsvcrt_defs01224.o)
                0x00000001400034c0                strncmp
 .text          0x00000001400034c8        0x8 C:/msys64/msys64/mingw64/bin/../lib/gcc/x86_64-w64-mingw32/11.2.0/../../../../x86_64-w64-mingw32/lib/../lib/libmsvcrt.a(libmsvcrt_defs01230.o)
                0x00000001400034c8                strstr
 .text          0x00000001400034d0        0x8 C:/msys64/msys64/mingw64/bin/../lib/gcc/x86_64-w64-mingw32/11.2.0/../../../../x86_64-w64-mingw32/lib/../lib/libmsvcrt.a(libmsvcrt_defs01235.o)
                0x00000001400034d0                strtol
 .text          0x00000001400034d8        0x8 C:/msys64/msys64/mingw64/bin/../lib/gcc/x86_64-w64-mingw32/11.2.0/../../../../x86_64-w64-mingw32/lib/../lib/libmsvcrt.a(libmsvcrt_defs01252.o)
                0x00000001400034d8                tolower
 .text          0x00000001400034e0        0x8 C:/msys64/msys64/mingw64/bin/../lib/gcc/x86_64-w64-mingw32/11.2.0/../../../../x86_64-w64-mingw32/lib/../lib/libmsvcrt.a(libmsvcrt_defs01259.o)
                0x00000001400034e0                vfprintf
 *fill*         0x00000001400034e8        0x8 
 .text          0x00000001400034f0        0x0 C:/msys64/msys64/mingw64/bin/../lib/gcc/x86_64-w64-mingw32/11.2.0/../../../../x86_64-w64-mingw32/lib/../lib/libmsvcrt.a(libmsvcrt_defh.o)
 .text          0x00000001400034f0        0x0 C:/msys64/msys64/mingw64/bin/../lib/gcc/x86_64-w64-mingw32/11.2.0/../../../../x86_64-w64-mingw32/lib/../lib/libmsvcrt.a(libmsvcrt_deft.o)
 .text          0x00000001400034f0        0x8 C:/msys64/msys64/mingw64/bin/../lib/gcc/x86_64-w64-mingw32/11.2.0/../../../../x86_64-w64-mingw32/lib/../lib/libkernel32.a(libkernel32s01493.o)
                0x00000001400034f0                VirtualQuery
 .text          0x00000001400034f8        0x8 C:/msys64/msys64/mingw64/bin/../lib/gcc/x86_64-w64-mingw32/11.2.0/../../../../x86_64-w64-mingw32/lib/../lib/libkernel32.a(libkernel32s01491.o)
                0x00000001400034f8                VirtualProtect
 .text          0x0000000140003500        0x8 C:/msys64/msys64/mingw64/bin/../lib/gcc/x86_64-w64-mingw32/11.2.0/../../../../x86_64-w64-mingw32/lib/../lib/libkernel32.a(libkernel32s01444.o)
                0x0000000140003500                TlsGetValue
 .text          0x0000000140003508        0x8 C:/msys64/msys64/mingw64/bin/../lib/gcc/x86_64-w64-mingw32/11.2.0/../../../../x86_64-w64-mingw32/lib/../lib/libkernel32.a(libkernel32s01409.o)
                0x0000000140003508                Sleep
 .text          0x0000000140003510        0x8 C:/msys64/msys64/mingw64/bin/../lib/gcc/x86_64-w64-mingw32/11.2.0/../../../../x86_64-w64-mingw32/lib/../lib/libkernel32.a(libkernel32s01393.o)
                0x0000000140003510                SetUnhandledExceptionFilter
 .text          0x0000000140003518        0x8 C:/msys64/msys64/mingw64/bin/../lib/gcc/x86_64-w64-mingw32/11.2.0/../../../../x86_64-w64-mingw32/lib/../lib/libkernel32.a(libkernel32s00983.o)
                0x0000000140003518                LeaveCriticalSection
 .text          0x0000000140003520        0x8 C:/msys64/msys64/mingw64/bin/../lib/gcc/x86_64-w64-mingw32/11.2.0/../../../../x86_64-w64-mingw32/lib/../lib/libkernel32.a(libkernel32s00891.o)
                0x0000000140003520                InitializeCriticalSection
 .text          0x0000000140003528        0x8 C:/msys64/msys64/mingw64/bin/../lib/gcc/x86_64-w64-mingw32/11.2.0/../../../../x86_64-w64-mingw32/lib/../lib/libkernel32.a(libkernel32s00742.o)
                0x0000000140003528                GetStartupInfoA
 .text          0x0000000140003530        0x8 C:/msys64/msys64/mingw64/bin/../lib/gcc/x86_64-w64-mingw32/11.2.0/../../../../x86_64-w64-mingw32/lib/../lib/libkernel32.a(libkernel32s00629.o)
                0x0000000140003530                GetLastError
 .text          0x0000000140003538        0x8 C:/msys64/msys64/mingw64/bin/../lib/gcc/x86_64-w64-mingw32/11.2.0/../../../../x86_64-w64-mingw32/lib/../lib/libkernel32.a(libkernel32s00318.o)
                0x0000000140003538                EnterCriticalSection
 .text          0x0000000140003540        0x8 C:/msys64/msys64/mingw64/bin/../lib/gcc/x86_64-w64-mingw32/11.2.0/../../../../x86_64-w64-mingw32/lib/../lib/libkernel32.a(libkernel32s00282.o)
                0x0000000140003540                DeleteCriticalSection
 *fill*         0x0000000140003548        0x8 
 .text          0x0000000140003550        0x0 C:/msys64/msys64/mingw64/bin/../lib/gcc/x86_64-w64-mingw32/11.2.0/../../../../x86_64-w64-mingw32/lib/../lib/libkernel32.a(libkernel32h.o)
 .text          0x0000000140003550        0x0 C:/msys64/msys64/mingw64/bin/../lib/gcc/x86_64-w64-mingw32/11.2.0/../../../../x86_64-w64-mingw32/lib/../lib/libkernel32.a(libkernel32t.o)
 .text          0x0000000140003550        0x0 C:/msys64/msys64/mingw64/bin/../lib/gcc/x86_64-w64-mingw32/11.2.0/crtend.o
 *(SORT_BY_NAME(.text$*))
 .text$_ZN9__gnu_cxx11char_traitsIcE2eqERKcS3_
                0x0000000140003550       0x30 C:\Users\yomna\AppData\Local\Temp\cclhkeKv.o
                0x0000000140003550                __gnu_cxx::char_traits<char>::eq(char const&, char const&)
 .text$_ZN9__gnu_cxx11char_traitsIcE6lengthEPKc
                0x0000000140003580       0x50 C:\Users\yomna\AppData\Local\Temp\cclhkeKv.o
                0x0000000140003580                __gnu_cxx::char_traits<char>::length(char const*)
 .text$_ZN9__gnu_cxx13new_allocatorINSt7__cxx1112basic_stringIcSt11char_traitsIcESaIcEEEE10deallocateEPS6_y
                0x00000001400035d0       0x40 C:\Users\yomna\AppData\Local\Temp\cclhkeKv.o
                0x00000001400035d0                __gnu_cxx::new_allocator<std::__cxx11::basic_string<char, std::char_traits<char>, std::allocator<char> > >::deallocate(std::__cxx11::basic_string<char, std::char_traits<char>, std::allocator<char> >*, unsigned long long)
 .text$_ZN9__gnu_cxx13new_allocatorINSt7__cxx1112basic_stringIcSt11char_traitsIcESaIcEEEE7destroyIS6_EEvPT_
                0x0000000140003610       0x30 C:\Users\yomna\AppData\Local\Temp\cclhkeKv.o
                0x0000000140003610                void __gnu_cxx::new_allocator<std::__cxx11::basic_string<char, std::char_traits<char>, std::allocator<char> > >::destroy<std::__cxx11::basic_string<char, std::char_traits<char>, std::allocator<char> > >(std::__cxx11::basic_string<char, std::char_traits<char>, std::allocator<char> >*)
 .text$_ZN9__gnu_cxx13new_allocatorINSt7__cxx1112basic_stringIcSt11char_traitsIcESaIcEEEE8allocateEyPKv
                0x0000000140003640       0x70 C:\Users\yomna\AppData\Local\Temp\cclhkeKv.o
                0x0000000140003640                __gnu_cxx::new_allocator<std::__cxx11::basic_string<char, std::char_traits<char>, std::allocator<char> > >::allocate(unsigned long long, void const*)
 .text$_ZN9__gnu_cxx13new_allocatorINSt7__cxx1112basic_stringIcSt11char_traitsIcESaIcEEEE9constructIS6_JRKS6_EEEvPT_DpOT0_
                0x00000001400036b0       0x70 C:\Users\yomna\AppData\Local\Temp\cclhkeKv.o
                0x00000001400036b0                void __gnu_cxx::new_allocator<std::__cxx11::basic_string<char, std::char_traits<char>, std::allocator<char> > >::construct<std::__cxx11::basic_string<char, std::char_traits<char>, std::allocator<char> >, std::__cxx11::basic_string<char, std::char_traits<char>, std::allocator<char> > const&>(std::__cxx11::basic_string<char, std::char_traits<char>, std::allocator<char> >*, std::__cxx11::basic_string<char, std::char_traits<char>, std::allocator<char> > const&)
 .text$_ZN9__gnu_cxx13new_allocatorINSt7__cxx1112basic_stringIcSt11char_traitsIcESaIcEEEE9constructIS6_JS6_EEEvPT_DpOT0_
                0x0000000140003720       0x50 C:\Users\yomna\AppData\Local\Temp\cclhkeKv.o
                0x0000000140003720                void __gnu_cxx::new_allocator<std::__cxx11::basic_string<char, std::char_traits<char>, std::allocator<char> > >::construct<std::__cxx11::basic_string<char, std::char_traits<char>, std::allocator<char> >, std::__cxx11::basic_string<char, std::char_traits<char>, std::allocator<char> > >(std::__cxx11::basic_string<char, std::char_traits<char>, std::allocator<char> >*, std::__cxx11::basic_string<char, std::char_traits<char>, std::allocator<char> >&&)
 .text$_ZN9__gnu_cxx13new_allocatorINSt7__cxx1112basic_stringIcSt11char_traitsIcESaIcEEEEC2Ev
                0x0000000140003770       0x10 C:\Users\yomna\AppData\Local\Temp\cclhkeKv.o
                0x0000000140003770                __gnu_cxx::new_allocator<std::__cxx11::basic_string<char, std::char_traits<char>, std::allocator<char> > >::new_allocator()
 .text$_ZN9__gnu_cxx17__is_null_pointerIKcEEbPT_
                0x0000000140003780       0x20 C:\Users\yomna\AppData\Local\Temp\cclhkeKv.o
                0x0000000140003780                bool __gnu_cxx::__is_null_pointer<char const>(char const*)
 .text$_ZN9__gnu_cxx17__normal_iteratorIPNSt7__cxx1112basic_stringIcSt11char_traitsIcESaIcEEESt6vectorIS6_SaIS6_EEEC1ERKS7_
                0x00000001400037a0       0x20 C:\Users\yomna\AppData\Local\Temp\cclhkeKv.o
                0x00000001400037a0                __gnu_cxx::__normal_iterator<std::__cxx11::basic_string<char, std::char_traits<char>, std::allocator<char> >*, std::vector<std::__cxx11::basic_string<char, std::char_traits<char>, std::allocator<char> >, std::allocator<std::__cxx11::basic_string<char, std::char_traits<char>, std::allocator<char> > > > >::__normal_iterator(std::__cxx11::basic_string<char, std::char_traits<char>, std::allocator<char> >* const&)
 .text$_ZN9__gnu_cxx17__normal_iteratorIPcNSt7__cxx1112basic_stringIcSt11char_traitsIcESaIcEEEEppEv
                0x00000001400037c0       0x20 C:\Users\yomna\AppData\Local\Temp\cclhkeKv.o
                0x00000001400037c0                __gnu_cxx::__normal_iterator<char*, std::__cxx11::basic_string<char, std::char_traits<char>, std::allocator<char> > >::operator++()
 .text$_ZN9__gnu_cxx6__stoaIlicJiEEET0_PFT_PKT1_PPS3_DpT2_EPKcS5_PyS9_
                0x00000001400037e0       0xf0 C:\Users\yomna\AppData\Local\Temp\cclhkeKv.o
                0x00000001400037e0                int __gnu_cxx::__stoa<long, int, char, int>(long (*)(char const*, char**, int), char const*, char const*, unsigned long long*, int)
 .text$_ZN9__gnu_cxxmiIPNSt7__cxx1112basic_stringIcSt11char_traitsIcESaIcEEESt6vectorIS6_SaIS6_EEEENS_17__normal_iteratorIT_T0_E15difference_typeERKSE_SH_
                0x00000001400038d0       0x40 C:\Users\yomna\AppData\Local\Temp\cclhkeKv.o
                0x00000001400038d0                __gnu_cxx::__normal_iterator<std::__cxx11::basic_string<char, std::char_traits<char>, std::allocator<char> >*, std::vector<std::__cxx11::basic_string<char, std::char_traits<char>, std::allocator<char> >, std::allocator<std::__cxx11::basic_string<char, std::char_traits<char>, std::allocator<char> > > > >::difference_type __gnu_cxx::operator-<std::__cxx11::basic_string<char, std::char_traits<char>, std::allocator<char> >*, std::vector<std::__cxx11::basic_string<char, std::char_traits<char>, std::allocator<char> >, std::allocator<std::__cxx11::basic_string<char, std::char_traits<char>, std::allocator<char> > > > >(__gnu_cxx::__normal_iterator<std::__cxx11::basic_string<char, std::char_traits<char>, std::allocator<char> >*, std::vector<std::__cxx11::basic_string<char, std::char_traits<char>, std::allocator<char> >, std::allocator<std::__cxx11::basic_string<char, std::char_traits<char>, std::allocator<char> > > > > const&, __gnu_cxx::__normal_iterator<std::__cxx11::basic_string<char, std::char_traits<char>, std::allocator<char> >*, std::vector<std::__cxx11::basic_string<char, std::char_traits<char>, std::allocator<char> >, std::allocator<std::__cxx11::basic_string<char, std::char_traits<char>, std::allocator<char> > > > > const&)
 .text$_ZN9__gnu_cxxneIPcNSt7__cxx1112basic_stringIcSt11char_traitsIcESaIcEEEEEbRKNS_17__normal_iteratorIT_T0_EESD_
                0x0000000140003910       0x40 C:\Users\yomna\AppData\Local\Temp\cclhkeKv.o
                0x0000000140003910                bool __gnu_cxx::operator!=<char*, std::__cxx11::basic_string<char, std::char_traits<char>, std::allocator<char> > >(__gnu_cxx::__normal_iterator<char*, std::__cxx11::basic_string<char, std::char_traits<char>, std::allocator<char> > > const&, __gnu_cxx::__normal_iterator<char*, std::__cxx11::basic_string<char, std::char_traits<char>, std::allocator<char> > > const&)
 .text$_ZNK9__gnu_cxx13new_allocatorINSt7__cxx1112basic_stringIcSt11char_traitsIcESaIcEEEE11_M_max_sizeEv
                0x0000000140003950       0x20 C:\Users\yomna\AppData\Local\Temp\cclhkeKv.o
                0x0000000140003950                __gnu_cxx::new_allocator<std::__cxx11::basic_string<char, std::char_traits<char>, std::allocator<char> > >::_M_max_size() const
 .text$_ZNK9__gnu_cxx13new_allocatorINSt7__cxx1112basic_stringIcSt11char_traitsIcESaIcEEEE8max_sizeEv
                0x0000000140003970       0x20 C:\Users\yomna\AppData\Local\Temp\cclhkeKv.o
                0x0000000140003970                __gnu_cxx::new_allocator<std::__cxx11::basic_string<char, std::char_traits<char>, std::allocator<char> > >::max_size() const
 .text$_ZNK9__gnu_cxx17__normal_iteratorIPNSt7__cxx1112basic_stringIcSt11char_traitsIcESaIcEEESt6vectorIS6_SaIS6_EEE4baseEv
                0x0000000140003990       0x10 C:\Users\yomna\AppData\Local\Temp\cclhkeKv.o
                0x0000000140003990                __gnu_cxx::__normal_iterator<std::__cxx11::basic_string<char, std::char_traits<char>, std::allocator<char> >*, std::vector<std::__cxx11::basic_string<char, std::char_traits<char>, std::allocator<char> >, std::allocator<std::__cxx11::basic_string<char, std::char_traits<char>, std::allocator<char> > > > >::base() const
 .text$_ZNK9__gnu_cxx17__normal_iteratorIPcNSt7__cxx1112basic_stringIcSt11char_traitsIcESaIcEEEE4baseEv
                0x00000001400039a0       0x10 C:\Users\yomna\AppData\Local\Temp\cclhkeKv.o
                0x00000001400039a0                __gnu_cxx::__normal_iterator<char*, std::__cxx11::basic_string<char, std::char_traits<char>, std::allocator<char> > >::base() const
 .text$_ZNK9__gnu_cxx17__normal_iteratorIPcNSt7__cxx1112basic_stringIcSt11char_traitsIcESaIcEEEEdeEv
                0x00000001400039b0       0x20 C:\Users\yomna\AppData\Local\Temp\cclhkeKv.o
                0x00000001400039b0                __gnu_cxx::__normal_iterator<char*, std::__cxx11::basic_string<char, std::char_traits<char>, std::allocator<char> > >::operator*() const
 .text$_ZNKSt12_Vector_baseINSt7__cxx1112basic_stringIcSt11char_traitsIcESaIcEEESaIS5_EE19_M_get_Tp_allocatorEv
                0x00000001400039d0       0x10 C:\Users\yomna\AppData\Local\Temp\cclhkeKv.o
                0x00000001400039d0                std::_Vector_base<std::__cxx11::basic_string<char, std::char_traits<char>, std::allocator<char> >, std::allocator<std::__cxx11::basic_string<char, std::char_traits<char>, std::allocator<char> > > >::_M_get_Tp_allocator() const
 .text$_ZNKSt6vectorINSt7__cxx1112basic_stringIcSt11char_traitsIcESaIcEEESaIS5_EE12_M_check_lenEyPKc
                0x00000001400039e0       0xc0 C:\Users\yomna\AppData\Local\Temp\cclhkeKv.o
                0x00000001400039e0                std::vector<std::__cxx11::basic_string<char, std::char_traits<char>, std::allocator<char> >, std::allocator<std::__cxx11::basic_string<char, std::char_traits<char>, std::allocator<char> > > >::_M_check_len(unsigned long long, char const*) const
 .text$_ZNKSt6vectorINSt7__cxx1112basic_stringIcSt11char_traitsIcESaIcEEESaIS5_EE4sizeEv
                0x0000000140003aa0       0x30 C:\Users\yomna\AppData\Local\Temp\cclhkeKv.o
                0x0000000140003aa0                std::vector<std::__cxx11::basic_string<char, std::char_traits<char>, std::allocator<char> >, std::allocator<std::__cxx11::basic_string<char, std::char_traits<char>, std::allocator<char> > > >::size() const
 .text$_ZNKSt6vectorINSt7__cxx1112basic_stringIcSt11char_traitsIcESaIcEEESaIS5_EE8max_sizeEv
                0x0000000140003ad0       0x30 C:\Users\yomna\AppData\Local\Temp\cclhkeKv.o
                0x0000000140003ad0                std::vector<std::__cxx11::basic_string<char, std::char_traits<char>, std::allocator<char> >, std::allocator<std::__cxx11::basic_string<char, std::char_traits<char>, std::allocator<char> > > >::max_size() const
 .text$_ZNSaINSt7__cxx1112basic_stringIcSt11char_traitsIcESaIcEEEEC2Ev
                0x0000000140003b00       0x20 C:\Users\yomna\AppData\Local\Temp\cclhkeKv.o
                0x0000000140003b00                std::allocator<std::__cxx11::basic_string<char, std::char_traits<char>, std::allocator<char> > >::allocator()
 .text$_ZNSt11char_traitsIcE6lengthEPKc
                0x0000000140003b20       0x40 C:\Users\yomna\AppData\Local\Temp\cclhkeKv.o
                0x0000000140003b20                std::char_traits<char>::length(char const*)
 .text$_ZNSt12_Destroy_auxILb0EE9__destroyIPNSt7__cxx1112basic_stringIcSt11char_traitsIcESaIcEEEEEvT_S9_
                0x0000000140003b60       0x40 C:\Users\yomna\AppData\Local\Temp\cclhkeKv.o
                0x0000000140003b60                void std::_Destroy_aux<false>::__destroy<std::__cxx11::basic_string<char, std::char_traits<char>, std::allocator<char> >*>(std::__cxx11::basic_string<char, std::char_traits<char>, std::allocator<char> >*, std::__cxx11::basic_string<char, std::char_traits<char>, std::allocator<char> >*)
 .text$_ZNSt12_Vector_baseINSt7__cxx1112basic_stringIcSt11char_traitsIcESaIcEEESaIS5_EE11_M_allocateEy
                0x0000000140003ba0       0x40 C:\Users\yomna\AppData\Local\Temp\cclhkeKv.o
                0x0000000140003ba0                std::_Vector_base<std::__cxx11::basic_string<char, std::char_traits<char>, std::allocator<char> >, std::allocator<std::__cxx11::basic_string<char, std::char_traits<char>, std::allocator<char> > > >::_M_allocate(unsigned long long)
 .text$_ZNSt12_Vector_baseINSt7__cxx1112basic_stringIcSt11char_traitsIcESaIcEEESaIS5_EE12_Vector_implC1Ev
                0x0000000140003be0       0x30 C:\Users\yomna\AppData\Local\Temp\cclhkeKv.o
                0x0000000140003be0                std::_Vector_base<std::__cxx11::basic_string<char, std::char_traits<char>, std::allocator<char> >, std::allocator<std::__cxx11::basic_string<char, std::char_traits<char>, std::allocator<char> > > >::_Vector_impl::_Vector_impl()
 .text$_ZNSt12_Vector_baseINSt7__cxx1112basic_stringIcSt11char_traitsIcESaIcEEESaIS5_EE13_M_deallocateEPS5_y
                0x0000000140003c10       0x40 C:\Users\yomna\AppData\Local\Temp\cclhkeKv.o
                0x0000000140003c10                std::_Vector_base<std::__cxx11::basic_string<char, std::char_traits<char>, std::allocator<char> >, std::allocator<std::__cxx11::basic_string<char, std::char_traits<char>, std::allocator<char> > > >::_M_deallocate(std::__cxx11::basic_string<char, std::char_traits<char>, std::allocator<char> >*, unsigned long long)
 .text$_ZNSt12_Vector_baseINSt7__cxx1112basic_stringIcSt11char_traitsIcESaIcEEESaIS5_EE17_Vector_impl_dataC2Ev
                0x0000000140003c50       0x30 C:\Users\yomna\AppData\Local\Temp\cclhkeKv.o
                0x0000000140003c50                std::_Vector_base<std::__cxx11::basic_string<char, std::char_traits<char>, std::allocator<char> >, std::allocator<std::__cxx11::basic_string<char, std::char_traits<char>, std::allocator<char> > > >::_Vector_impl_data::_Vector_impl_data()
 .text$_ZNSt12_Vector_baseINSt7__cxx1112basic_stringIcSt11char_traitsIcESaIcEEESaIS5_EE19_M_get_Tp_allocatorEv
                0x0000000140003c80       0x10 C:\Users\yomna\AppData\Local\Temp\cclhkeKv.o
                0x0000000140003c80                std::_Vector_base<std::__cxx11::basic_string<char, std::char_traits<char>, std::allocator<char> >, std::allocator<std::__cxx11::basic_string<char, std::char_traits<char>, std::allocator<char> > > >::_M_get_Tp_allocator()
 .text$_ZNSt12_Vector_baseINSt7__cxx1112basic_stringIcSt11char_traitsIcESaIcEEESaIS5_EEC2Ev
                0x0000000140003c90       0x20 C:\Users\yomna\AppData\Local\Temp\cclhkeKv.o
                0x0000000140003c90                std::_Vector_base<std::__cxx11::basic_string<char, std::char_traits<char>, std::allocator<char> >, std::allocator<std::__cxx11::basic_string<char, std::char_traits<char>, std::allocator<char> > > >::_Vector_base()
 .text$_ZNSt16allocator_traitsISaINSt7__cxx1112basic_stringIcSt11char_traitsIcESaIcEEEEE10deallocateERS6_PS5_y
                0x0000000140003cb0       0x40 C:\Users\yomna\AppData\Local\Temp\cclhkeKv.o
                0x0000000140003cb0                std::allocator_traits<std::allocator<std::__cxx11::basic_string<char, std::char_traits<char>, std::allocator<char> > > >::deallocate(std::allocator<std::__cxx11::basic_string<char, std::char_traits<char>, std::allocator<char> > >&, std::__cxx11::basic_string<char, std::char_traits<char>, std::allocator<char> >*, unsigned long long)
 .text$_ZNSt16allocator_traitsISaINSt7__cxx1112basic_stringIcSt11char_traitsIcESaIcEEEEE7destroyIS5_EEvRS6_PT_
                0x0000000140003cf0       0x30 C:\Users\yomna\AppData\Local\Temp\cclhkeKv.o
                0x0000000140003cf0                void std::allocator_traits<std::allocator<std::__cxx11::basic_string<char, std::char_traits<char>, std::allocator<char> > > >::destroy<std::__cxx11::basic_string<char, std::char_traits<char>, std::allocator<char> > >(std::allocator<std::__cxx11::basic_string<char, std::char_traits<char>, std::allocator<char> > >&, std::__cxx11::basic_string<char, std::char_traits<char>, std::allocator<char> >*)
 .text$_ZNSt16allocator_traitsISaINSt7__cxx1112basic_stringIcSt11char_traitsIcESaIcEEEEE8allocateERS6_y
                0x0000000140003d20       0x30 C:\Users\yomna\AppData\Local\Temp\cclhkeKv.o
                0x0000000140003d20                std::allocator_traits<std::allocator<std::__cxx11::basic_string<char, std::char_traits<char>, std::allocator<char> > > >::allocate(std::allocator<std::__cxx11::basic_string<char, std::char_traits<char>, std::allocator<char> > >&, unsigned long long)
 .text$_ZNSt16allocator_traitsISaINSt7__cxx1112basic_stringIcSt11char_traitsIcESaIcEEEEE8max_sizeERKS6_
                0x0000000140003d50       0x20 C:\Users\yomna\AppData\Local\Temp\cclhkeKv.o
                0x0000000140003d50                std::allocator_traits<std::allocator<std::__cxx11::basic_string<char, std::char_traits<char>, std::allocator<char> > > >::max_size(std::allocator<std::__cxx11::basic_string<char, std::char_traits<char>, std::allocator<char> > > const&)
 .text$_ZNSt16allocator_traitsISaINSt7__cxx1112basic_stringIcSt11char_traitsIcESaIcEEEEE9constructIS5_JRKS5_EEEvRS6_PT_DpOT0_
                0x0000000140003d70       0x40 C:\Users\yomna\AppData\Local\Temp\cclhkeKv.o
                0x0000000140003d70                void std::allocator_traits<std::allocator<std::__cxx11::basic_string<char, std::char_traits<char>, std::allocator<char> > > >::construct<std::__cxx11::basic_string<char, std::char_traits<char>, std::allocator<char> >, std::__cxx11::basic_string<char, std::char_traits<char>, std::allocator<char> > const&>(std::allocator<std::__cxx11::basic_string<char, std::char_traits<char>, std::allocator<char> > >&, std::__cxx11::basic_string<char, std::char_traits<char>, std::allocator<char> >*, std::__cxx11::basic_string<char, std::char_traits<char>, std::allocator<char> > const&)
 .text$_ZNSt16allocator_traitsISaINSt7__cxx1112basic_stringIcSt11char_traitsIcESaIcEEEEE9constructIS5_JS5_EEEvRS6_PT_DpOT0_
                0x0000000140003db0       0x40 C:\Users\yomna\AppData\Local\Temp\cclhkeKv.o
                0x0000000140003db0                void std::allocator_traits<std::allocator<std::__cxx11::basic_string<char, std::char_traits<char>, std::allocator<char> > > >::construct<std::__cxx11::basic_string<char, std::char_traits<char>, std::allocator<char> >, std::__cxx11::basic_string<char, std::char_traits<char>, std::allocator<char> > >(std::allocator<std::__cxx11::basic_string<char, std::char_traits<char>, std::allocator<char> > >&, std::__cxx11::basic_string<char, std::char_traits<char>, std::allocator<char> >*, std::__cxx11::basic_string<char, std::char_traits<char>, std::allocator<char> >&&)
 .text$_ZNSt6vectorINSt7__cxx1112basic_stringIcSt11char_traitsIcESaIcEEESaIS5_EE11_S_max_sizeERKS6_
                0x0000000140003df0       0x40 C:\Users\yomna\AppData\Local\Temp\cclhkeKv.o
                0x0000000140003df0                std::vector<std::__cxx11::basic_string<char, std::char_traits<char>, std::allocator<char> >, std::allocator<std::__cxx11::basic_string<char, std::char_traits<char>, std::allocator<char> > > >::_S_max_size(std::allocator<std::__cxx11::basic_string<char, std::char_traits<char>, std::allocator<char> > > const&)
 .text$_ZNSt6vectorINSt7__cxx1112basic_stringIcSt11char_traitsIcESaIcEEESaIS5_EE11_S_relocateEPS5_S8_S8_RS6_
                0x0000000140003e30       0x40 C:\Users\yomna\AppData\Local\Temp\cclhkeKv.o
                0x0000000140003e30                std::vector<std::__cxx11::basic_string<char, std::char_traits<char>, std::allocator<char> >, std::allocator<std::__cxx11::basic_string<char, std::char_traits<char>, std::allocator<char> > > >::_S_relocate(std::__cxx11::basic_string<char, std::char_traits<char>, std::allocator<char> >*, std::__cxx11::basic_string<char, std::char_traits<char>, std::allocator<char> >*, std::__cxx11::basic_string<char, std::char_traits<char>, std::allocator<char> >*, std::allocator<std::__cxx11::basic_string<char, std::char_traits<char>, std::allocator<char> > >&)
 .text$_ZNSt6vectorINSt7__cxx1112basic_stringIcSt11char_traitsIcESaIcEEESaIS5_EE14_S_do_relocateEPS5_S8_S8_RS6_St17integral_constantIbLb1EE
                0x0000000140003e70       0x40 C:\Users\yomna\AppData\Local\Temp\cclhkeKv.o
                0x0000000140003e70                std::vector<std::__cxx11::basic_string<char, std::char_traits<char>, std::allocator<char> >, std::allocator<std::__cxx11::basic_string<char, std::char_traits<char>, std::allocator<char> > > >::_S_do_relocate(std::__cxx11::basic_string<char, std::char_traits<char>, std::allocator<char> >*, std::__cxx11::basic_string<char, std::char_traits<char>, std::allocator<char> >*, std::__cxx11::basic_string<char, std::char_traits<char>, std::allocator<char> >*, std::allocator<std::__cxx11::basic_string<char, std::char_traits<char>, std::allocator<char> > >&, std::integral_constant<bool, true>)
 .text$_ZNSt6vectorINSt7__cxx1112basic_stringIcSt11char_traitsIcESaIcEEESaIS5_EE17_M_realloc_insertIJRKS5_EEEvN9__gnu_cxx17__normal_iteratorIPS5_S7_EEDpOT_
                0x0000000140003eb0      0x220 C:\Users\yomna\AppData\Local\Temp\cclhkeKv.o
                0x0000000140003eb0                void std::vector<std::__cxx11::basic_string<char, std::char_traits<char>, std::allocator<char> >, std::allocator<std::__cxx11::basic_string<char, std::char_traits<char>, std::allocator<char> > > >::_M_realloc_insert<std::__cxx11::basic_string<char, std::char_traits<char>, std::allocator<char> > const&>(__gnu_cxx::__normal_iterator<std::__cxx11::basic_string<char, std::char_traits<char>, std::allocator<char> >*, std::vector<std::__cxx11::basic_string<char, std::char_traits<char>, std::allocator<char> >, std::allocator<std::__cxx11::basic_string<char, std::char_traits<char>, std::allocator<char> > > > >, std::__cxx11::basic_string<char, std::char_traits<char>, std::allocator<char> > const&)
 .text$_ZNSt6vectorINSt7__cxx1112basic_stringIcSt11char_traitsIcESaIcEEESaIS5_EE3endEv
                0x00000001400040d0       0x30 C:\Users\yomna\AppData\Local\Temp\cclhkeKv.o
                0x00000001400040d0                std::vector<std::__cxx11::basic_string<char, std::char_traits<char>, std::allocator<char> >, std::allocator<std::__cxx11::basic_string<char, std::char_traits<char>, std::allocator<char> > > >::end()
 .text$_ZNSt6vectorINSt7__cxx1112basic_stringIcSt11char_traitsIcESaIcEEESaIS5_EE5beginEv
                0x0000000140004100       0x30 C:\Users\yomna\AppData\Local\Temp\cclhkeKv.o
                0x0000000140004100                std::vector<std::__cxx11::basic_string<char, std::char_traits<char>, std::allocator<char> >, std::allocator<std::__cxx11::basic_string<char, std::char_traits<char>, std::allocator<char> > > >::begin()
 .text$_ZNSt6vectorINSt7__cxx1112basic_stringIcSt11char_traitsIcESaIcEEESaIS5_EE9push_backERKS5_
                0x0000000140004130       0x80 C:\Users\yomna\AppData\Local\Temp\cclhkeKv.o
                0x0000000140004130                std::vector<std::__cxx11::basic_string<char, std::char_traits<char>, std::allocator<char> >, std::allocator<std::__cxx11::basic_string<char, std::char_traits<char>, std::allocator<char> > > >::push_back(std::__cxx11::basic_string<char, std::char_traits<char>, std::allocator<char> > const&)
 .text$_ZNSt6vectorINSt7__cxx1112basic_stringIcSt11char_traitsIcESaIcEEESaIS5_EEC1Ev
                0x00000001400041b0       0x20 C:\Users\yomna\AppData\Local\Temp\cclhkeKv.o
                0x00000001400041b0                std::vector<std::__cxx11::basic_string<char, std::char_traits<char>, std::allocator<char> >, std::allocator<std::__cxx11::basic_string<char, std::char_traits<char>, std::allocator<char> > > >::vector()
 .text$_ZNSt6vectorINSt7__cxx1112basic_stringIcSt11char_traitsIcESaIcEEESaIS5_EEixEy
                0x00000001400041d0       0x20 C:\Users\yomna\AppData\Local\Temp\cclhkeKv.o
                0x00000001400041d0                std::vector<std::__cxx11::basic_string<char, std::char_traits<char>, std::allocator<char> >, std::allocator<std::__cxx11::basic_string<char, std::char_traits<char>, std::allocator<char> > > >::operator[](unsigned long long)
 .text$_ZNSt7__cxx1112basic_stringIcSt11char_traitsIcESaIcEE12_Alloc_hiderD1Ev
                0x00000001400041f0       0x20 C:\Users\yomna\AppData\Local\Temp\cclhkeKv.o
                0x00000001400041f0                std::__cxx11::basic_string<char, std::char_traits<char>, std::allocator<char> >::_Alloc_hider::~_Alloc_hider()
 .text$_ZNSt7__cxx1112basic_stringIcSt11char_traitsIcESaIcEE12_M_constructIPKcEEvT_S8_St20forward_iterator_tag
                0x0000000140004210      0x110 C:\Users\yomna\AppData\Local\Temp\cclhkeKv.o
                0x0000000140004210                void std::__cxx11::basic_string<char, std::char_traits<char>, std::allocator<char> >::_M_construct<char const*>(char const*, char const*, std::forward_iterator_tag)
 .text$_ZNSt7__cxx1112basic_stringIcSt11char_traitsIcESaIcEEC1IS3_EEPKcRKS3_
                0x0000000140004320       0xa0 C:\Users\yomna\AppData\Local\Temp\cclhkeKv.o
                0x0000000140004320                std::__cxx11::basic_string<char, std::char_traits<char>, std::allocator<char> >::basic_string<std::allocator<char> >(char const*, std::allocator<char> const&)
 .text$_ZNSt7__cxx114stoiERKNS_12basic_stringIcSt11char_traitsIcESaIcEEEPyi
                0x00000001400043c0       0x50 C:\Users\yomna\AppData\Local\Temp\cclhkeKv.o
                0x00000001400043c0                std::__cxx11::stoi(std::__cxx11::basic_string<char, std::char_traits<char>, std::allocator<char> > const&, unsigned long long*, int)
 .text$_ZSt10__distanceIPKcENSt15iterator_traitsIT_E15difference_typeES3_S3_St26random_access_iterator_tag
                0x0000000140004410       0x20 C:\Users\yomna\AppData\Local\Temp\cclhkeKv.o
                0x0000000140004410                std::iterator_traits<char const*>::difference_type std::__distance<char const*>(char const*, char const*, std::random_access_iterator_tag)
 .text$_ZSt11__addressofINSt7__cxx1112basic_stringIcSt11char_traitsIcESaIcEEEEPT_RS6_
                0x0000000140004430       0x10 C:\Users\yomna\AppData\Local\Temp\cclhkeKv.o
                0x0000000140004430                std::__cxx11::basic_string<char, std::char_traits<char>, std::allocator<char> >* std::__addressof<std::__cxx11::basic_string<char, std::char_traits<char>, std::allocator<char> > >(std::__cxx11::basic_string<char, std::char_traits<char>, std::allocator<char> >&)
 .text$_ZSt12__niter_baseIPNSt7__cxx1112basic_stringIcSt11char_traitsIcESaIcEEEET_S7_
                0x0000000140004440       0x10 C:\Users\yomna\AppData\Local\Temp\cclhkeKv.o
                0x0000000140004440                std::__cxx11::basic_string<char, std::char_traits<char>, std::allocator<char> >* std::__niter_base<std::__cxx11::basic_string<char, std::char_traits<char>, std::allocator<char> >*>(std::__cxx11::basic_string<char, std::char_traits<char>, std::allocator<char> >*)
 .text$_ZSt12__relocate_aIPNSt7__cxx1112basic_stringIcSt11char_traitsIcESaIcEEES6_SaIS5_EET0_T_S9_S8_RT1_
                0x0000000140004450       0x60 C:\Users\yomna\AppData\Local\Temp\cclhkeKv.o
                0x0000000140004450                std::__cxx11::basic_string<char, std::char_traits<char>, std::allocator<char> >* std::__relocate_a<std::__cxx11::basic_string<char, std::char_traits<char>, std::allocator<char> >*, std::__cxx11::basic_string<char, std::char_traits<char>, std::allocator<char> >*, std::allocator<std::__cxx11::basic_string<char, std::char_traits<char>, std::allocator<char> > > >(std::__cxx11::basic_string<char, std::char_traits<char>, std::allocator<char> >*, std::__cxx11::basic_string<char, std::char_traits<char>, std::allocator<char> >*, std::__cxx11::basic_string<char, std::char_traits<char>, std::allocator<char> >*, std::allocator<std::__cxx11::basic_string<char, std::char_traits<char>, std::allocator<char> > >&)
 .text$_ZSt14__relocate_a_1IPNSt7__cxx1112basic_stringIcSt11char_traitsIcESaIcEEES6_SaIS5_EET0_T_S9_S8_RT1_
                0x00000001400044b0       0x70 C:\Users\yomna\AppData\Local\Temp\cclhkeKv.o
                0x00000001400044b0                std::__cxx11::basic_string<char, std::char_traits<char>, std::allocator<char> >* std::__relocate_a_1<std::__cxx11::basic_string<char, std::char_traits<char>, std::allocator<char> >*, std::__cxx11::basic_string<char, std::char_traits<char>, std::allocator<char> >*, std::allocator<std::__cxx11::basic_string<char, std::char_traits<char>, std::allocator<char> > > >(std::__cxx11::basic_string<char, std::char_traits<char>, std::allocator<char> >*, std::__cxx11::basic_string<char, std::char_traits<char>, std::allocator<char> >*, std::__cxx11::basic_string<char, std::char_traits<char>, std::allocator<char> >*, std::allocator<std::__cxx11::basic_string<char, std::char_traits<char>, std::allocator<char> > >&)
 .text$_ZSt19__iterator_categoryIPKcENSt15iterator_traitsIT_E17iterator_categoryERKS3_
                0x0000000140004520       0x10 C:\Users\yomna\AppData\Local\Temp\cclhkeKv.o
                0x0000000140004520                std::iterator_traits<char const*>::iterator_category std::__iterator_category<char const*>(char const* const&)
 .text$_ZSt19__relocate_object_aINSt7__cxx1112basic_stringIcSt11char_traitsIcESaIcEEES5_SaIS5_EEvPT_PT0_RT1_
                0x0000000140004530       0x60 C:\Users\yomna\AppData\Local\Temp\cclhkeKv.o
                0x0000000140004530                void std::__relocate_object_a<std::__cxx11::basic_string<char, std::char_traits<char>, std::allocator<char> >, std::__cxx11::basic_string<char, std::char_traits<char>, std::allocator<char> >, std::allocator<std::__cxx11::basic_string<char, std::char_traits<char>, std::allocator<char> > > >(std::__cxx11::basic_string<char, std::char_traits<char>, std::allocator<char> >*, std::__cxx11::basic_string<char, std::char_traits<char>, std::allocator<char> >*, std::allocator<std::__cxx11::basic_string<char, std::char_traits<char>, std::allocator<char> > >&)
 .text$_ZSt3maxIyERKT_S2_S2_
                0x0000000140004590       0x30 C:\Users\yomna\AppData\Local\Temp\cclhkeKv.o
                0x0000000140004590                unsigned long long const& std::max<unsigned long long>(unsigned long long const&, unsigned long long const&)
 .text$_ZSt3minIyERKT_S2_S2_
                0x00000001400045c0       0x30 C:\Users\yomna\AppData\Local\Temp\cclhkeKv.o
                0x00000001400045c0                unsigned long long const& std::min<unsigned long long>(unsigned long long const&, unsigned long long const&)
 .text$_ZSt4moveIRNSt7__cxx1112basic_stringIcSt11char_traitsIcESaIcEEEEONSt16remove_referenceIT_E4typeEOS8_
                0x00000001400045f0       0x10 C:\Users\yomna\AppData\Local\Temp\cclhkeKv.o
                0x00000001400045f0                std::remove_reference<std::__cxx11::basic_string<char, std::char_traits<char>, std::allocator<char> >&>::type&& std::move<std::__cxx11::basic_string<char, std::char_traits<char>, std::allocator<char> >&>(std::__cxx11::basic_string<char, std::char_traits<char>, std::allocator<char> >&)
 .text$_ZSt7forwardINSt7__cxx1112basic_stringIcSt11char_traitsIcESaIcEEEEOT_RNSt16remove_referenceIS6_E4typeE
                0x0000000140004600       0x10 C:\Users\yomna\AppData\Local\Temp\cclhkeKv.o
                0x0000000140004600                std::__cxx11::basic_string<char, std::char_traits<char>, std::allocator<char> >&& std::forward<std::__cxx11::basic_string<char, std::char_traits<char>, std::allocator<char> > >(std::remove_reference<std::__cxx11::basic_string<char, std::char_traits<char>, std::allocator<char> > >::type&)
 .text$_ZSt7forwardIRKNSt7__cxx1112basic_stringIcSt11char_traitsIcESaIcEEEEOT_RNSt16remove_referenceIS8_E4typeE
                0x0000000140004610       0x10 C:\Users\yomna\AppData\Local\Temp\cclhkeKv.o
                0x0000000140004610                std::__cxx11::basic_string<char, std::char_traits<char>, std::allocator<char> > const& std::forward<std::__cxx11::basic_string<char, std::char_traits<char>, std::allocator<char> > const&>(std::remove_reference<std::__cxx11::basic_string<char, std::char_traits<char>, std::allocator<char> > const&>::type&)
 .text$_ZSt8_DestroyINSt7__cxx1112basic_stringIcSt11char_traitsIcESaIcEEEEvPT_
                0x0000000140004620       0x20 C:\Users\yomna\AppData\Local\Temp\cclhkeKv.o
                0x0000000140004620                void std::_Destroy<std::__cxx11::basic_string<char, std::char_traits<char>, std::allocator<char> > >(std::__cxx11::basic_string<char, std::char_traits<char>, std::allocator<char> >*)
 .text$_ZSt8_DestroyIPNSt7__cxx1112basic_stringIcSt11char_traitsIcESaIcEEEEvT_S7_
                0x0000000140004640       0x30 C:\Users\yomna\AppData\Local\Temp\cclhkeKv.o
                0x0000000140004640                void std::_Destroy<std::__cxx11::basic_string<char, std::char_traits<char>, std::allocator<char> >*>(std::__cxx11::basic_string<char, std::char_traits<char>, std::allocator<char> >*, std::__cxx11::basic_string<char, std::char_traits<char>, std::allocator<char> >*)
 .text$_ZSt8_DestroyIPNSt7__cxx1112basic_stringIcSt11char_traitsIcESaIcEEES5_EvT_S7_RSaIT0_E
                0x0000000140004670       0x30 C:\Users\yomna\AppData\Local\Temp\cclhkeKv.o
                0x0000000140004670                void std::_Destroy<std::__cxx11::basic_string<char, std::char_traits<char>, std::allocator<char> >*, std::__cxx11::basic_string<char, std::char_traits<char>, std::allocator<char> > >(std::__cxx11::basic_string<char, std::char_traits<char>, std::allocator<char> >*, std::__cxx11::basic_string<char, std::char_traits<char>, std::allocator<char> >*, std::allocator<std::__cxx11::basic_string<char, std::char_traits<char>, std::allocator<char> > >&)
 .text$_ZSt8distanceIPKcENSt15iterator_traitsIT_E15difference_typeES3_S3_
                0x00000001400046a0       0x40 C:\Users\yomna\AppData\Local\Temp\cclhkeKv.o
                0x00000001400046a0                std::iterator_traits<char const*>::difference_type std::distance<char const*>(char const*, char const*)
 .text$_ZSt9transformIN9__gnu_cxx17__normal_iteratorIPcNSt7__cxx1112basic_stringIcSt11char_traitsIcESaIcEEEEES9_PFiiEET0_T_SD_SC_T1_
                0x00000001400046e0       0x80 C:\Users\yomna\AppData\Local\Temp\cclhkeKv.o
                0x00000001400046e0                __gnu_cxx::__normal_iterator<char*, std::__cxx11::basic_string<char, std::char_traits<char>, std::allocator<char> > > std::transform<__gnu_cxx::__normal_iterator<char*, std::__cxx11::basic_string<char, std::char_traits<char>, std::allocator<char> > >, __gnu_cxx::__normal_iterator<char*, std::__cxx11::basic_string<char, std::char_traits<char>, std::allocator<char> > >, int (*)(int)>(__gnu_cxx::__normal_iterator<char*, std::__cxx11::basic_string<char, std::char_traits<char>, std::allocator<char> > >, __gnu_cxx::__normal_iterator<char*, std::__cxx11::basic_string<char, std::char_traits<char>, std::allocator<char> > >, __gnu_cxx::__normal_iterator<char*, std::__cxx11::basic_string<char, std::char_traits<char>, std::allocator<char> > >, int (*)(int))
 .text$_ZZN9__gnu_cxx6__stoaIlicJiEEET0_PFT_PKT1_PPS3_DpT2_EPKcS5_PyS9_EN10_Range_chk6_S_chkElSt17integral_constantIbLb1EE
                0x0000000140004760       0x10 C:\Users\yomna\AppData\Local\Temp\cclhkeKv.o
                0x0000000140004760                __gnu_cxx::__stoa<long, int, char, int>(long (*)(char const*, char**, int), char const*, char const*, unsigned long long*, int)::_Range_chk::_S_chk(long, std::integral_constant<bool, true>)
 .text$_ZZN9__gnu_cxx6__stoaIlicJiEEET0_PFT_PKT1_PPS3_DpT2_EPKcS5_PyS9_EN11_Save_errnoC1Ev
                0x0000000140004770       0x40 C:\Users\yomna\AppData\Local\Temp\cclhkeKv.o
                0x0000000140004770                __gnu_cxx::__stoa<long, int, char, int>(long (*)(char const*, char**, int), char const*, char const*, unsigned long long*, int)::_Save_errno::_Save_errno()
 .text$_ZZN9__gnu_cxx6__stoaIlicJiEEET0_PFT_PKT1_PPS3_DpT2_EPKcS5_PyS9_EN11_Save_errnoD1Ev
                0x00000001400047b0       0x40 C:\Users\yomna\AppData\Local\Temp\cclhkeKv.o
                0x00000001400047b0                __gnu_cxx::__stoa<long, int, char, int>(long (*)(char const*, char**, int), char const*, char const*, unsigned long long*, int)::_Save_errno::~_Save_errno()
 .text$_ZdlPvS_
                0x00000001400047f0       0x10 C:\Users\yomna\AppData\Local\Temp\cclhkeKv.o
                0x00000001400047f0                operator delete(void*, void*)
 .text$_ZnwyPv  0x0000000140004800       0x20 C:\Users\yomna\AppData\Local\Temp\cclhkeKv.o
                0x0000000140004800                operator new(unsigned long long, void*)
 *(.text.*)
 .text.startup  0x0000000140004820       0x10 C:/msys64/msys64/mingw64/bin/../lib/gcc/x86_64-w64-mingw32/11.2.0/crtend.o
 *(.gnu.linkonce.t.*)
 *(.glue_7t)
 *(.glue_7)
                0x0000000140004830                . = ALIGN (0x8)
                0x0000000140004830                ___CTOR_LIST__ = .
                0x0000000140004830                __CTOR_LIST__ = .
                0x0000000140004830        0x4 LONG 0xffffffffffffffff
                0x0000000140004834        0x4 LONG 0xffffffffffffffff
 *(.ctors)
 .ctors         0x0000000140004838        0x8 C:\Users\yomna\AppData\Local\Temp\cclhkeKv.o
 *(.ctor)
 *(SORT_BY_NAME(.ctors.*))
 .ctors.65535   0x0000000140004840        0x8 C:/msys64/msys64/mingw64/bin/../lib/gcc/x86_64-w64-mingw32/11.2.0/crtend.o
                0x0000000140004848        0x4 LONG 0x0
                0x000000014000484c        0x4 LONG 0x0
                0x0000000140004850                ___DTOR_LIST__ = .
                0x0000000140004850                __DTOR_LIST__ = .
                0x0000000140004850        0x4 LONG 0xffffffffffffffff
                0x0000000140004854        0x4 LONG 0xffffffffffffffff
 *(.dtors)
 *(.dtor)
 *(SORT_BY_NAME(.dtors.*))
                0x0000000140004858        0x4 LONG 0x0
                0x000000014000485c        0x4 LONG 0x0
 *(SORT_NONE(.fini))
 *(.gcc_exc)
                [!provide]                        PROVIDE (etext = .)
 *(.gcc_except_table)

.data           0x0000000140005000      0x200
                0x0000000140005000                __data_start__ = .
 *(.data)
 .data          0x0000000140005000       0x10 C:/msys64/msys64/mingw64/bin/../lib/gcc/x86_64-w64-mingw32/11.2.0/../../../../x86_64-w64-mingw32/lib/../lib/crt2.o
                0x0000000140005000                __mingw_winmain_nShowCmd
 .data          0x0000000140005010        0x0 C:/msys64/msys64/mingw64/bin/../lib/gcc/x86_64-w64-mingw32/11.2.0/crtbegin.o
 .data          0x0000000140005010        0x0 C:\Users\yomna\AppData\Local\Temp\cclhkeKv.o
 .data          0x0000000140005010       0x10 C:/msys64/msys64/mingw64/bin/../lib/gcc/x86_64-w64-mingw32/11.2.0/../../../../x86_64-w64-mingw32/lib/../lib/libmingw32.a(lib64_libmingw32_a-gccmain.o)
 .data          0x0000000140005020       0x10 C:/msys64/msys64/mingw64/bin/../lib/gcc/x86_64-w64-mingw32/11.2.0/../../../../x86_64-w64-mingw32/lib/../lib/libmingw32.a(lib64_libmingw32_a-natstart.o)
                0x0000000140005020                __native_vcclrit_reason
                0x0000000140005024                __native_dllmain_reason
 .data          0x0000000140005030       0x10 C:/msys64/msys64/mingw64/bin/../lib/gcc/x86_64-w64-mingw32/11.2.0/../../../../x86_64-w64-mingw32/lib/../lib/libmingw32.a(lib64_libmingw32_a-wildcard.o)
                0x0000000140005030                _dowildcard
 .data          0x0000000140005040        0x0 C:/msys64/msys64/mingw64/bin/../lib/gcc/x86_64-w64-mingw32/11.2.0/../../../../x86_64-w64-mingw32/lib/../lib/libmingw32.a(lib64_libmingw32_a-dllargv.o)
 .data          0x0000000140005040        0x0 C:/msys64/msys64/mingw64/bin/../lib/gcc/x86_64-w64-mingw32/11.2.0/../../../../x86_64-w64-mingw32/lib/../lib/libmingw32.a(lib64_libmingw32_a-_newmode.o)
 .data          0x0000000140005040        0x0 C:/msys64/msys64/mingw64/bin/../lib/gcc/x86_64-w64-mingw32/11.2.0/../../../../x86_64-w64-mingw32/lib/../lib/libmingw32.a(lib64_libmingw32_a-tlssup.o)
 .data          0x0000000140005040        0x0 C:/msys64/msys64/mingw64/bin/../lib/gcc/x86_64-w64-mingw32/11.2.0/../../../../x86_64-w64-mingw32/lib/../lib/libmingw32.a(lib64_libmingw32_a-xncommod.o)
 .data          0x0000000140005040        0x0 C:/msys64/msys64/mingw64/bin/../lib/gcc/x86_64-w64-mingw32/11.2.0/../../../../x86_64-w64-mingw32/lib/../lib/libmingw32.a(lib64_libmingw32_a-cinitexe.o)
 .data          0x0000000140005040        0x0 C:/msys64/msys64/mingw64/bin/../lib/gcc/x86_64-w64-mingw32/11.2.0/../../../../x86_64-w64-mingw32/lib/../lib/libmingw32.a(lib64_libmingw32_a-merr.o)
 .data          0x0000000140005040        0x0 C:/msys64/msys64/mingw64/bin/../lib/gcc/x86_64-w64-mingw32/11.2.0/../../../../x86_64-w64-mingw32/lib/../lib/libmingw32.a(lib64_libmingw32_a-CRT_fp10.o)
 .data          0x0000000140005040        0x0 C:/msys64/msys64/mingw64/bin/../lib/gcc/x86_64-w64-mingw32/11.2.0/../../../../x86_64-w64-mingw32/lib/../lib/libmingw32.a(lib64_libmingw32_a-mingw_helpers.o)
 .data          0x0000000140005040        0x0 C:/msys64/msys64/mingw64/bin/../lib/gcc/x86_64-w64-mingw32/11.2.0/../../../../x86_64-w64-mingw32/lib/../lib/libmingw32.a(lib64_libmingw32_a-pseudo-reloc.o)
 .data          0x0000000140005040        0x0 C:/msys64/msys64/mingw64/bin/../lib/gcc/x86_64-w64-mingw32/11.2.0/../../../../x86_64-w64-mingw32/lib/../lib/libmingw32.a(lib64_libmingw32_a-usermatherr.o)
 .data          0x0000000140005040        0x0 C:/msys64/msys64/mingw64/bin/../lib/gcc/x86_64-w64-mingw32/11.2.0/../../../../x86_64-w64-mingw32/lib/../lib/libmingw32.a(lib64_libmingw32_a-xtxtmode.o)
 .data          0x0000000140005040        0x0 C:/msys64/msys64/mingw64/bin/../lib/gcc/x86_64-w64-mingw32/11.2.0/../../../../x86_64-w64-mingw32/lib/../lib/libmingw32.a(lib64_libmingw32_a-crt_handler.o)
 .data          0x0000000140005040        0x0 C:/msys64/msys64/mingw64/bin/../lib/gcc/x86_64-w64-mingw32/11.2.0/../../../../x86_64-w64-mingw32/lib/../lib/libmingw32.a(lib64_libmingw32_a-tlsthrd.o)
 .data          0x0000000140005040       0x10 C:/msys64/msys64/mingw64/bin/../lib/gcc/x86_64-w64-mingw32/11.2.0/../../../../x86_64-w64-mingw32/lib/../lib/libmingw32.a(lib64_libmingw32_a-tlsmcrt.o)
                0x0000000140005040                _CRT_MT
 .data          0x0000000140005050        0x0 C:/msys64/msys64/mingw64/bin/../lib/gcc/x86_64-w64-mingw32/11.2.0/../../../../x86_64-w64-mingw32/lib/../lib/libmingw32.a(lib64_libmingw32_a-pseudo-reloc-list.o)
 .data          0x0000000140005050        0x0 C:/msys64/msys64/mingw64/bin/../lib/gcc/x86_64-w64-mingw32/11.2.0/../../../../x86_64-w64-mingw32/lib/../lib/libmingw32.a(lib64_libmingw32_a-pesect.o)
 .data          0x0000000140005050        0x0 C:/msys64/msys64/mingw64/bin/../lib/gcc/x86_64-w64-mingw32/11.2.0/libgcc.a(_chkstk_ms.o)
 .data          0x0000000140005050        0x0 C:/msys64/msys64/mingw64/bin/../lib/gcc/x86_64-w64-mingw32/11.2.0/libgcc.a(_ctors.o)
 .data          0x0000000140005050       0x10 C:/msys64/msys64/mingw64/bin/../lib/gcc/x86_64-w64-mingw32/11.2.0/../../../../x86_64-w64-mingw32/lib/../lib/libmingwex.a(lib64_libmingwex_a-mingw_matherr.o)
                0x0000000140005050                _MINGW_INSTALL_DEBUG_MATHERR
 .data          0x0000000140005060       0x10 C:/msys64/msys64/mingw64/bin/../lib/gcc/x86_64-w64-mingw32/11.2.0/../../../../x86_64-w64-mingw32/lib/../lib/libmsvcrt.a(lib64_libmsvcrt_extra_a-__p__fmode.o)
                0x0000000140005060                __imp___p__fmode
 .data          0x0000000140005070       0x10 C:/msys64/msys64/mingw64/bin/../lib/gcc/x86_64-w64-mingw32/11.2.0/../../../../x86_64-w64-mingw32/lib/../lib/libmsvcrt.a(lib64_libmsvcrt_extra_a-__p__commode.o)
                0x0000000140005070                __imp___p__commode
 .data          0x0000000140005080       0x10 C:/msys64/msys64/mingw64/bin/../lib/gcc/x86_64-w64-mingw32/11.2.0/../../../../x86_64-w64-mingw32/lib/../lib/libmsvcrt.a(lib64_libmsvcrt_extra_a-__p__acmdln.o)
                0x0000000140005080                __imp___p__acmdln
 .data          0x0000000140005090       0x10 C:/msys64/msys64/mingw64/bin/../lib/gcc/x86_64-w64-mingw32/11.2.0/../../../../x86_64-w64-mingw32/lib/../lib/libmsvcrt.a(lib64_libmsvcrt_extra_a-invalid_parameter_handler.o)
                0x0000000140005090                __imp__get_invalid_parameter_handler
                0x0000000140005098                __imp__set_invalid_parameter_handler
 .data          0x00000001400050a0       0x10 C:/msys64/msys64/mingw64/bin/../lib/gcc/x86_64-w64-mingw32/11.2.0/../../../../x86_64-w64-mingw32/lib/../lib/libmsvcrt.a(lib64_libmsvcrt_common_a-acrt_iob_func.o)
                0x00000001400050a0                __imp___acrt_iob_func
 .data          0x00000001400050b0        0x0 C:/msys64/msys64/mingw64/bin/../lib/gcc/x86_64-w64-mingw32/11.2.0/../../../../x86_64-w64-mingw32/lib/../lib/libmsvcrt.a(libmsvcrt_defs00055.o)
 .data          0x00000001400050b0        0x0 C:/msys64/msys64/mingw64/bin/../lib/gcc/x86_64-w64-mingw32/11.2.0/../../../../x86_64-w64-mingw32/lib/../lib/libmsvcrt.a(libmsvcrt_defs00081.o)
 .data          0x00000001400050b0        0x0 C:/msys64/msys64/mingw64/bin/../lib/gcc/x86_64-w64-mingw32/11.2.0/../../../../x86_64-w64-mingw32/lib/../lib/libmsvcrt.a(libmsvcrt_defs00082.o)
 .data          0x00000001400050b0        0x0 C:/msys64/msys64/mingw64/bin/../lib/gcc/x86_64-w64-mingw32/11.2.0/../../../../x86_64-w64-mingw32/lib/../lib/libmsvcrt.a(libmsvcrt_defs00083.o)
 .data          0x00000001400050b0        0x0 C:/msys64/msys64/mingw64/bin/../lib/gcc/x86_64-w64-mingw32/11.2.0/../../../../x86_64-w64-mingw32/lib/../lib/libmsvcrt.a(libmsvcrt_defs00097.o)
 .data          0x00000001400050b0        0x0 C:/msys64/msys64/mingw64/bin/../lib/gcc/x86_64-w64-mingw32/11.2.0/../../../../x86_64-w64-mingw32/lib/../lib/libmsvcrt.a(libmsvcrt_defs00099.o)
 .data          0x00000001400050b0        0x0 C:/msys64/msys64/mingw64/bin/../lib/gcc/x86_64-w64-mingw32/11.2.0/../../../../x86_64-w64-mingw32/lib/../lib/libmsvcrt.a(libmsvcrt_defs00116.o)
 .data          0x00000001400050b0        0x0 C:/msys64/msys64/mingw64/bin/../lib/gcc/x86_64-w64-mingw32/11.2.0/../../../../x86_64-w64-mingw32/lib/../lib/libmsvcrt.a(libmsvcrt_defs00123.o)
 .data          0x00000001400050b0        0x0 C:/msys64/msys64/mingw64/bin/../lib/gcc/x86_64-w64-mingw32/11.2.0/../../../../x86_64-w64-mingw32/lib/../lib/libmsvcrt.a(libmsvcrt_defs00141.o)
 .data          0x00000001400050b0        0x0 C:/msys64/msys64/mingw64/bin/../lib/gcc/x86_64-w64-mingw32/11.2.0/../../../../x86_64-w64-mingw32/lib/../lib/libmsvcrt.a(libmsvcrt_defs00157.o)
 .data          0x00000001400050b0        0x0 C:/msys64/msys64/mingw64/bin/../lib/gcc/x86_64-w64-mingw32/11.2.0/../../../../x86_64-w64-mingw32/lib/../lib/libmsvcrt.a(libmsvcrt_defs00204.o)
 .data          0x00000001400050b0        0x0 C:/msys64/msys64/mingw64/bin/../lib/gcc/x86_64-w64-mingw32/11.2.0/../../../../x86_64-w64-mingw32/lib/../lib/libmsvcrt.a(libmsvcrt_defs00254.o)
 .data          0x00000001400050b0        0x0 C:/msys64/msys64/mingw64/bin/../lib/gcc/x86_64-w64-mingw32/11.2.0/../../../../x86_64-w64-mingw32/lib/../lib/libmsvcrt.a(libmsvcrt_defs00332.o)
 .data          0x00000001400050b0        0x0 C:/msys64/msys64/mingw64/bin/../lib/gcc/x86_64-w64-mingw32/11.2.0/../../../../x86_64-w64-mingw32/lib/../lib/libmsvcrt.a(libmsvcrt_defs00614.o)
 .data          0x00000001400050b0        0x0 C:/msys64/msys64/mingw64/bin/../lib/gcc/x86_64-w64-mingw32/11.2.0/../../../../x86_64-w64-mingw32/lib/../lib/libmsvcrt.a(libmsvcrt_defs01038.o)
 .data          0x00000001400050b0        0x0 C:/msys64/msys64/mingw64/bin/../lib/gcc/x86_64-w64-mingw32/11.2.0/../../../../x86_64-w64-mingw32/lib/../lib/libmsvcrt.a(libmsvcrt_defs01056.o)
 .data          0x00000001400050b0        0x0 C:/msys64/msys64/mingw64/bin/../lib/gcc/x86_64-w64-mingw32/11.2.0/../../../../x86_64-w64-mingw32/lib/../lib/libmsvcrt.a(libmsvcrt_defs01069.o)
 .data          0x00000001400050b0        0x0 C:/msys64/msys64/mingw64/bin/../lib/gcc/x86_64-w64-mingw32/11.2.0/../../../../x86_64-w64-mingw32/lib/../lib/libmsvcrt.a(libmsvcrt_defs01090.o)
 .data          0x00000001400050b0        0x0 C:/msys64/msys64/mingw64/bin/../lib/gcc/x86_64-w64-mingw32/11.2.0/../../../../x86_64-w64-mingw32/lib/../lib/libmsvcrt.a(libmsvcrt_defs01097.o)
 .data          0x00000001400050b0        0x0 C:/msys64/msys64/mingw64/bin/../lib/gcc/x86_64-w64-mingw32/11.2.0/../../../../x86_64-w64-mingw32/lib/../lib/libmsvcrt.a(libmsvcrt_defs01110.o)
 .data          0x00000001400050b0        0x0 C:/msys64/msys64/mingw64/bin/../lib/gcc/x86_64-w64-mingw32/11.2.0/../../../../x86_64-w64-mingw32/lib/../lib/libmsvcrt.a(libmsvcrt_defs01158.o)
 .data          0x00000001400050b0        0x0 C:/msys64/msys64/mingw64/bin/../lib/gcc/x86_64-w64-mingw32/11.2.0/../../../../x86_64-w64-mingw32/lib/../lib/libmsvcrt.a(libmsvcrt_defs01166.o)
 .data          0x00000001400050b0        0x0 C:/msys64/msys64/mingw64/bin/../lib/gcc/x86_64-w64-mingw32/11.2.0/../../../../x86_64-w64-mingw32/lib/../lib/libmsvcrt.a(libmsvcrt_defs01198.o)
 .data          0x00000001400050b0        0x0 C:/msys64/msys64/mingw64/bin/../lib/gcc/x86_64-w64-mingw32/11.2.0/../../../../x86_64-w64-mingw32/lib/../lib/libmsvcrt.a(libmsvcrt_defs01221.o)
 .data          0x00000001400050b0        0x0 C:/msys64/msys64/mingw64/bin/../lib/gcc/x86_64-w64-mingw32/11.2.0/../../../../x86_64-w64-mingw32/lib/../lib/libmsvcrt.a(libmsvcrt_defs01224.o)
 .data          0x00000001400050b0        0x0 C:/msys64/msys64/mingw64/bin/../lib/gcc/x86_64-w64-mingw32/11.2.0/../../../../x86_64-w64-mingw32/lib/../lib/libmsvcrt.a(libmsvcrt_defs01230.o)
 .data          0x00000001400050b0        0x0 C:/msys64/msys64/mingw64/bin/../lib/gcc/x86_64-w64-mingw32/11.2.0/../../../../x86_64-w64-mingw32/lib/../lib/libmsvcrt.a(libmsvcrt_defs01235.o)
 .data          0x00000001400050b0        0x0 C:/msys64/msys64/mingw64/bin/../lib/gcc/x86_64-w64-mingw32/11.2.0/../../../../x86_64-w64-mingw32/lib/../lib/libmsvcrt.a(libmsvcrt_defs01252.o)
 .data          0x00000001400050b0        0x0 C:/msys64/msys64/mingw64/bin/../lib/gcc/x86_64-w64-mingw32/11.2.0/../../../../x86_64-w64-mingw32/lib/../lib/libmsvcrt.a(libmsvcrt_defs01259.o)
 .data          0x00000001400050b0        0x0 C:/msys64/msys64/mingw64/bin/../lib/gcc/x86_64-w64-mingw32/11.2.0/../../../../x86_64-w64-mingw32/lib/../lib/libmsvcrt.a(libmsvcrt_defh.o)
 .data          0x00000001400050b0        0x0 C:/msys64/msys64/mingw64/bin/../lib/gcc/x86_64-w64-mingw32/11.2.0/../../../../x86_64-w64-mingw32/lib/../lib/libmsvcrt.a(libmsvcrt_deft.o)
 .data          0x00000001400050b0        0x0 C:/msys64/msys64/mingw64/bin/../lib/gcc/x86_64-w64-mingw32/11.2.0/../../../../x86_64-w64-mingw32/lib/../lib/libkernel32.a(libkernel32s01493.o)
 .data          0x00000001400050b0        0x0 C:/msys64/msys64/mingw64/bin/../lib/gcc/x86_64-w64-mingw32/11.2.0/../../../../x86_64-w64-mingw32/lib/../lib/libkernel32.a(libkernel32s01491.o)
 .data          0x00000001400050b0        0x0 C:/msys64/msys64/mingw64/bin/../lib/gcc/x86_64-w64-mingw32/11.2.0/../../../../x86_64-w64-mingw32/lib/../lib/libkernel32.a(libkernel32s01444.o)
 .data          0x00000001400050b0        0x0 C:/msys64/msys64/mingw64/bin/../lib/gcc/x86_64-w64-mingw32/11.2.0/../../../../x86_64-w64-mingw32/lib/../lib/libkernel32.a(libkernel32s01409.o)
 .data          0x00000001400050b0        0x0 C:/msys64/msys64/mingw64/bin/../lib/gcc/x86_64-w64-mingw32/11.2.0/../../../../x86_64-w64-mingw32/lib/../lib/libkernel32.a(libkernel32s01393.o)
 .data          0x00000001400050b0        0x0 C:/msys64/msys64/mingw64/bin/../lib/gcc/x86_64-w64-mingw32/11.2.0/../../../../x86_64-w64-mingw32/lib/../lib/libkernel32.a(libkernel32s00983.o)
 .data          0x00000001400050b0        0x0 C:/msys64/msys64/mingw64/bin/../lib/gcc/x86_64-w64-mingw32/11.2.0/../../../../x86_64-w64-mingw32/lib/../lib/libkernel32.a(libkernel32s00891.o)
 .data          0x00000001400050b0        0x0 C:/msys64/msys64/mingw64/bin/../lib/gcc/x86_64-w64-mingw32/11.2.0/../../../../x86_64-w64-mingw32/lib/../lib/libkernel32.a(libkernel32s00742.o)
 .data          0x00000001400050b0        0x0 C:/msys64/msys64/mingw64/bin/../lib/gcc/x86_64-w64-mingw32/11.2.0/../../../../x86_64-w64-mingw32/lib/../lib/libkernel32.a(libkernel32s00629.o)
 .data          0x00000001400050b0        0x0 C:/msys64/msys64/mingw64/bin/../lib/gcc/x86_64-w64-mingw32/11.2.0/../../../../x86_64-w64-mingw32/lib/../lib/libkernel32.a(libkernel32s00318.o)
 .data          0x00000001400050b0        0x0 C:/msys64/msys64/mingw64/bin/../lib/gcc/x86_64-w64-mingw32/11.2.0/../../../../x86_64-w64-mingw32/lib/../lib/libkernel32.a(libkernel32s00282.o)
 .data          0x00000001400050b0        0x0 C:/msys64/msys64/mingw64/bin/../lib/gcc/x86_64-w64-mingw32/11.2.0/../../../../x86_64-w64-mingw32/lib/../lib/libkernel32.a(libkernel32h.o)
 .data          0x00000001400050b0        0x0 C:/msys64/msys64/mingw64/bin/../lib/gcc/x86_64-w64-mingw32/11.2.0/../../../../x86_64-w64-mingw32/lib/../lib/libkernel32.a(libkernel32t.o)
 .data          0x00000001400050b0        0x0 C:/msys64/msys64/mingw64/bin/../lib/gcc/x86_64-w64-mingw32/11.2.0/crtend.o
 *(.data2)
 *(SORT_BY_NAME(.data$*))
 *(.jcr)
                0x00000001400050b0                __data_end__ = .
 *(.data_cygwin_nocopy)

.rdata          0x0000000140006000      0xc00
 *(.rdata)
 .rdata         0x0000000140006000       0xb0 C:\Users\yomna\AppData\Local\Temp\cclhkeKv.o
 *fill*         0x00000001400060b0       0x10 
 .rdata         0x00000001400060c0       0x60 C:/msys64/msys64/mingw64/bin/../lib/gcc/x86_64-w64-mingw32/11.2.0/../../../../x86_64-w64-mingw32/lib/../lib/libmingw32.a(lib64_libmingw32_a-tlssup.o)
                0x00000001400060c0                __dyn_tls_init_callback
                0x00000001400060e0                _tls_used
 .rdata         0x0000000140006120      0x140 C:/msys64/msys64/mingw64/bin/../lib/gcc/x86_64-w64-mingw32/11.2.0/../../../../x86_64-w64-mingw32/lib/../lib/libmingw32.a(lib64_libmingw32_a-merr.o)
 .rdata         0x0000000140006260      0x160 C:/msys64/msys64/mingw64/bin/../lib/gcc/x86_64-w64-mingw32/11.2.0/../../../../x86_64-w64-mingw32/lib/../lib/libmingw32.a(lib64_libmingw32_a-pseudo-reloc.o)
 .rdata         0x00000001400063c0       0x30 C:/msys64/msys64/mingw64/bin/../lib/gcc/x86_64-w64-mingw32/11.2.0/../../../../x86_64-w64-mingw32/lib/../lib/libmingw32.a(lib64_libmingw32_a-crt_handler.o)
 .rdata         0x00000001400063f0        0x8 ertr000001.o
 *(SORT_BY_NAME(.rdata$*))
 *fill*         0x00000001400063f8        0x8 
 .rdata$.refptr._CRT_MT
                0x0000000140006400       0x10 C:/msys64/msys64/mingw64/bin/../lib/gcc/x86_64-w64-mingw32/11.2.0/../../../../x86_64-w64-mingw32/lib/../lib/libmingw32.a(lib64_libmingw32_a-tlssup.o)
                0x0000000140006400                .refptr._CRT_MT
 .rdata$.refptr._MINGW_INSTALL_DEBUG_MATHERR
                0x0000000140006410       0x10 C:/msys64/msys64/mingw64/bin/../lib/gcc/x86_64-w64-mingw32/11.2.0/../../../../x86_64-w64-mingw32/lib/../lib/crt2.o
                0x0000000140006410                .refptr._MINGW_INSTALL_DEBUG_MATHERR
 .rdata$.refptr._ZSt3cin
                0x0000000140006420       0x10 C:\Users\yomna\AppData\Local\Temp\cclhkeKv.o
                0x0000000140006420                __fu1__ZSt3cin
                0x0000000140006420                .refptr._ZSt3cin
 .rdata$.refptr._ZSt4cout
                0x0000000140006430       0x10 C:\Users\yomna\AppData\Local\Temp\cclhkeKv.o
                0x0000000140006430                __fu0__ZSt4cout
                0x0000000140006430                .refptr._ZSt4cout
 .rdata$.refptr._ZSt4endlIcSt11char_traitsIcEERSt13basic_ostreamIT_T0_ES6_
                0x0000000140006440       0x10 C:\Users\yomna\AppData\Local\Temp\cclhkeKv.o
                0x0000000140006440                .refptr._ZSt4endlIcSt11char_traitsIcEERSt13basic_ostreamIT_T0_ES6_
 .rdata$.refptr.__CTOR_LIST__
                0x0000000140006450       0x10 C:/msys64/msys64/mingw64/bin/../lib/gcc/x86_64-w64-mingw32/11.2.0/../../../../x86_64-w64-mingw32/lib/../lib/libmingw32.a(lib64_libmingw32_a-gccmain.o)
                0x0000000140006450                .refptr.__CTOR_LIST__
 .rdata$.refptr.__RUNTIME_PSEUDO_RELOC_LIST_END__